Archive member included to satisfy reference by file (symbol)

.\CortexM0\ARM_GCC_541\Debug\VoiceRepeater.a(CyLib.o)
                              .\CortexM0\ARM_GCC_541\Debug\cyfitter_cfg.o (CyIntEnable)
.\CortexM0\ARM_GCC_541\Debug\VoiceRepeater.a(CyLFClk.o)
                              .\CortexM0\ARM_GCC_541\Debug\cyfitter_cfg.o (CySysClkWcoStart)
.\CortexM0\ARM_GCC_541\Debug\VoiceRepeater.a(ADC.o)
                              .\CortexM0\ARM_GCC_541\Debug\main.o (ADC_Start)
.\CortexM0\ARM_GCC_541\Debug\VoiceRepeater.a(ADC_INT.o)
                              .\CortexM0\ARM_GCC_541\Debug\VoiceRepeater.a(ADC.o) (ADC_ISR)
.\CortexM0\ARM_GCC_541\Debug\VoiceRepeater.a(UART.o)
                              .\CortexM0\ARM_GCC_541\Debug\main.o (UART_Start)
.\CortexM0\ARM_GCC_541\Debug\VoiceRepeater.a(UART_UART.o)
                              .\CortexM0\ARM_GCC_541\Debug\VoiceRepeater.a(UART.o) (UART_UartInit)
.\CortexM0\ARM_GCC_541\Debug\VoiceRepeater.a(CapSense.o)
                              .\CortexM0\ARM_GCC_541\Debug\main.o (CapSense_IsBusy)
.\CortexM0\ARM_GCC_541\Debug\VoiceRepeater.a(CapSense_CSHL.o)
                              .\CortexM0\ARM_GCC_541\Debug\main.o (CapSense_InitializeAllBaselines)
.\CortexM0\ARM_GCC_541\Debug\VoiceRepeater.a(CapSense_INT.o)
                              .\CortexM0\ARM_GCC_541\Debug\VoiceRepeater.a(CapSense.o) (CapSense_ISR)
.\CortexM0\ARM_GCC_541\Debug\VoiceRepeater.a(CapSense_SMS.o)
                              .\CortexM0\ARM_GCC_541\Debug\VoiceRepeater.a(CapSense_CSHL.o) (CapSense_UpdateThresholds)
.\CortexM0\ARM_GCC_541\Debug\VoiceRepeater.a(CapSense_SampleClk.o)
                              .\CortexM0\ARM_GCC_541\Debug\VoiceRepeater.a(CapSense.o) (CapSense_SampleClk_StartEx)
.\CortexM0\ARM_GCC_541\Debug\VoiceRepeater.a(CapSense_SenseClk.o)
                              .\CortexM0\ARM_GCC_541\Debug\VoiceRepeater.a(CapSense.o) (CapSense_SenseClk_StartEx)
.\CortexM0\ARM_GCC_541\Debug\VoiceRepeater.a(Green.o)
                              .\CortexM0\ARM_GCC_541\Debug\main.o (Green_Write)
.\CortexM0\ARM_GCC_541\Debug\VoiceRepeater.a(Red.o)
                              .\CortexM0\ARM_GCC_541\Debug\main.o (Red_Write)
.\CortexM0\ARM_GCC_541\Debug\VoiceRepeater.a(CyBootAsmGnu.o)
                              .\CortexM0\ARM_GCC_541\Debug\cyfitter_cfg.o (CyDelayCycles)
.\CortexM0\ARM_GCC_541\Debug\VoiceRepeater.a(UART_SPI_UART.o)
                              .\CortexM0\ARM_GCC_541\Debug\VoiceRepeater.a(UART_UART.o) (UART_SpiUartReadRxData)
C:\Program Files (x86)\Cypress\PSoC Creator\4.4\PSoC Creator\psoc\content\CyComponentLibrary\CyComponentLibrary.cylib\CapSense_CSD_P4_v2_60\PSoC4\Library\CapsenseP4Library_GCC.a(CSD_P4_SmartSense_v2_60.o)
                              .\CortexM0\ARM_GCC_541\Debug\VoiceRepeater.a(CapSense_SMS.o) (CalibrateSensors_P4_v2_60)
c:/program files (x86)/cypress/psoc creator/4.4/psoc creator/import/gnu/arm/5.4.1/bin/../lib/gcc/arm-none-eabi/5.4.1/armv6-m\libgcc.a(_udivsi3.o)
                              .\CortexM0\ARM_GCC_541\Debug\VoiceRepeater.a(CyLib.o) (__aeabi_uidiv)
c:/program files (x86)/cypress/psoc creator/4.4/psoc creator/import/gnu/arm/5.4.1/bin/../lib/gcc/arm-none-eabi/5.4.1/armv6-m\libgcc.a(_divsi3.o)
                              .\CortexM0\ARM_GCC_541\Debug\VoiceRepeater.a(CyLFClk.o) (__aeabi_idiv)
c:/program files (x86)/cypress/psoc creator/4.4/psoc creator/import/gnu/arm/5.4.1/bin/../lib/gcc/arm-none-eabi/5.4.1/armv6-m\libgcc.a(_dvmd_tls.o)
                              c:/program files (x86)/cypress/psoc creator/4.4/psoc creator/import/gnu/arm/5.4.1/bin/../lib/gcc/arm-none-eabi/5.4.1/armv6-m\libgcc.a(_udivsi3.o) (__aeabi_idiv0)
c:/program files (x86)/cypress/psoc creator/4.4/psoc creator/import/gnu/arm/5.4.1/bin/../lib/gcc/arm-none-eabi/5.4.1/armv6-m\libgcc.a(_aeabi_ldivmod.o)
                              .\CortexM0\ARM_GCC_541\Debug\VoiceRepeater.a(ADC.o) (__aeabi_ldivmod)
c:/program files (x86)/cypress/psoc creator/4.4/psoc creator/import/gnu/arm/5.4.1/bin/../lib/gcc/arm-none-eabi/5.4.1/armv6-m\libgcc.a(_muldi3.o)
                              .\CortexM0\ARM_GCC_541\Debug\VoiceRepeater.a(ADC.o) (__aeabi_lmul)
c:/program files (x86)/cypress/psoc creator/4.4/psoc creator/import/gnu/arm/5.4.1/bin/../lib/gcc/arm-none-eabi/5.4.1/armv6-m\libgcc.a(bpabi.o)
                              c:/program files (x86)/cypress/psoc creator/4.4/psoc creator/import/gnu/arm/5.4.1/bin/../lib/gcc/arm-none-eabi/5.4.1/armv6-m\libgcc.a(_aeabi_ldivmod.o) (__gnu_ldivmod_helper)
c:/program files (x86)/cypress/psoc creator/4.4/psoc creator/import/gnu/arm/5.4.1/bin/../lib/gcc/arm-none-eabi/5.4.1/armv6-m\libgcc.a(divsf3.o)
                              .\CortexM0\ARM_GCC_541\Debug\VoiceRepeater.a(ADC.o) (__aeabi_fdiv)
c:/program files (x86)/cypress/psoc creator/4.4/psoc creator/import/gnu/arm/5.4.1/bin/../lib/gcc/arm-none-eabi/5.4.1/armv6-m\libgcc.a(mulsf3.o)
[...]
Memory Configuration

Name             Origin             Length             Attributes
rom              0x00000000         0x00040000         xr
ram              0x20000000         0x00008000         xrw
*default*        0x00000000         0xffffffff

Linker script and memory map

LOAD c:/program files (x86)/cypress/psoc creator/4.4/psoc creator/import/gnu/arm/5.4.1/bin/../lib/gcc/arm-none-eabi/5.4.1/armv6-m/crti.o
LOAD c:/program files (x86)/cypress/psoc creator/4.4/psoc creator/import/gnu/arm/5.4.1/bin/../lib/gcc/arm-none-eabi/5.4.1/armv6-m/crtbegin.o
LOAD c:/program files (x86)/cypress/psoc creator/4.4/psoc creator/import/gnu/arm/5.4.1/bin/../lib/gcc/arm-none-eabi/5.4.1/../../../../arm-none-eabi/lib/armv6-m/crt0.o
START GROUP
LOAD .\CortexM0\ARM_GCC_541\Debug\main.o
LOAD .\CortexM0\ARM_GCC_541\Debug\cyfitter_cfg.o
LOAD .\CortexM0\ARM_GCC_541\Debug\cymetadata.o
LOAD .\CortexM0\ARM_GCC_541\Debug\Cm0Start.o
LOAD .\CortexM0\ARM_GCC_541\Debug\VoiceRepeater.a
LOAD C:\Program Files (x86)\Cypress\PSoC Creator\4.4\PSoC Creator\psoc\content\CyComponentLibrary\CyComponentLibrary.cylib\CapSense_CSD_P4_v2_60\PSoC4\Library\CapsenseP4Library_GCC.a
END GROUP
START GROUP
LOAD c:/program files (x86)/cypress/psoc creator/4.4/psoc creator/import/gnu/arm/5.4.1/bin/../lib/gcc/arm-none-eabi/5.4.1/armv6-m\libgcc.a
LOAD c:/program files (x86)/cypress/psoc creator/4.4/psoc creator/import/gnu/arm/5.4.1/bin/../lib/gcc/arm-none-eabi/5.4.1/../../../../arm-none-eabi/lib/armv6-m\libg_nano.a
LOAD c:/program files (x86)/cypress/psoc creator/4.4/psoc creator/import/gnu/arm/5.4.1/bin/../lib/gcc/arm-none-eabi/5.4.1/../../../../arm-none-eabi/lib/armv6-m\libc_nano.a
END GROUP
START GROUP
LOAD c:/program files (x86)/cypress/psoc creator/4.4/psoc creator/import/gnu/arm/5.4.1/bin/../lib/gcc/arm-none-eabi/5.4.1/armv6-m\libgcc.a
LOAD c:/program files (x86)/cypress/psoc creator/4.4/psoc creator/import/gnu/arm/5.4.1/bin/../lib/gcc/arm-none-eabi/5.4.1/../../../../arm-none-eabi/lib/armv6-m\libc_nano.a
END GROUP
LOAD c:/program files (x86)/cypress/psoc creator/4.4/psoc creator/import/gnu/arm/5.4.1/bin/../lib/gcc/arm-none-eabi/5.4.1/armv6-m/crtend.o
LOAD c:/program files (x86)/cypress/psoc creator/4.4/psoc creator/import/gnu/arm/5.4.1/bin/../lib/gcc/arm-none-eabi/5.4.1/armv6-m/crtn.o
START GROUP
LOAD c:/program files (x86)/cypress/psoc creator/4.4/psoc creator/import/gnu/arm/5.4.1/bin/../lib/gcc/arm-none-eabi/5.4.1/armv6-m\libgcc.a
LOAD c:/program files (x86)/cypress/psoc creator/4.4/psoc creator/import/gnu/arm/5.4.1/bin/../lib/gcc/arm-none-eabi/5.4.1/../../../../arm-none-eabi/lib/armv6-m\libc.a
LOAD c:/program files (x86)/cypress/psoc creator/4.4/psoc creator/import/gnu/arm/5.4.1/bin/../lib/gcc/arm-none-eabi/5.4.1/../../../../arm-none-eabi/lib/armv6-m\libnosys.a
END GROUP
                0x00000000                CY_APPL_ORIGIN = 0x0
                0x00000100                CY_FLASH_ROW_SIZE = 0x100
                0x00000001                CY_APPL_NUM = 0x1
                0x00000001                CY_APPL_MAX = 0x1
                0x00000040                CY_METADATA_SIZE = 0x40
                0x00000000                CY_APPL_LOADABLE = 0x0
                0x00000000                CY_CHECKSUM_EXCLUDE_SIZE = ALIGN (0x0, CY_FLASH_ROW_SIZE)
                0x00000000                CY_APP_FOR_STACK_AND_COPIER = 0x0
                [!provide]                PROVIDE (__cy_heap_start, _end)
                0x00000001                PROVIDE (__cy_region_num, ((__cy_regions_end - __cy_regions) / 0x10))
                0x20008000                PROVIDE (__cy_stack, (ORIGIN (ram) + LENGTH (ram)))
                [!provide]                PROVIDE (__cy_heap_end, (__cy_stack - 0x800))

.cybootloader   0x00000000        0x0
 *(.cybootloader)
                0x00000000                appl1_start = CY_APPL_ORIGIN?CY_APPL_ORIGIN:ALIGN (CY_FLASH_ROW_SIZE)
                0x0001ff00                appl2_start = (appl1_start + ALIGN ((((LENGTH (rom) - appl1_start) - (0x2 * CY_FLASH_ROW_SIZE)) / 0x2), CY_FLASH_ROW_SIZE))
                0x00000000                appl_start = (CY_APPL_NUM == 0x1)?appl1_start:appl2_start
                0x00000001                cy_project_type_bootloader = (appl_start == 0x0)?0x1:0x0
                0x00000000                cy_project_type_app_for_stack_and_copier = (CY_APP_FOR_STACK_AND_COPIER == 0x1)?0x1:0x0

.text           0x00000000     0x5d0c
 CREATE_OBJECT_SYMBOLS
                0x00000000                PROVIDE (__cy_interrupt_vector, RomVectors)
 *(.romvectors)
 .romvectors    0x00000000       0x10 .\CortexM0\ARM_GCC_541\Debug\Cm0Start.o
                0x00000000                RomVectors
                0x00000001                ASSERT ((. != __cy_interrupt_vector), No interrupt vector)
                0x00000001                ASSERT (CY_APPL_ORIGIN?(SIZEOF (.cybootloader) <= CY_APPL_ORIGIN):0x1, Wrong image location)
                0x00000010                PROVIDE (__cy_reset, Reset)
 *(.text.Reset)
 .text.Reset    0x00000010        0x8 .\CortexM0\ARM_GCC_541\Debug\Cm0Start.o
                0x00000010                Reset
                0x00000001                ASSERT ((. != __cy_reset), No reset code)
 *(.psocinit)
 .psocinit      0x00000018      0x248 .\CortexM0\ARM_GCC_541\Debug\cyfitter_cfg.o
                0x00000148                cyfitter_cfg
                0x00000260                . = MAX (., 0x100)
 *(.text .text.* .gnu.linkonce.t.*)
 .text          0x00000260       0x60 c:/program files (x86)/cypress/psoc creator/4.4/psoc creator/import/gnu/arm/5.4.1/bin/../lib/gcc/arm-none-eabi/5.4.1/armv6-m/crtbegin.o
 .text.main     0x000002c0       0xb8 .\CortexM0\ARM_GCC_541\Debug\main.o
                0x000002c0                main
 .text.cfg_write_bytes32
                0x00000378       0x34 .\CortexM0\ARM_GCC_541\Debug\cyfitter_cfg.o
 .text.CYMEMZERO
                0x000003ac        0xc .\CortexM0\ARM_GCC_541\Debug\cyfitter_cfg.o
 .text.SetAnalogRoutingPumps
                0x000003b8       0x20 .\CortexM0\ARM_GCC_541\Debug\cyfitter_cfg.o
                0x000003b8                SetAnalogRoutingPumps
 .text.AnalogSetDefault
                0x000003d8       0x3c .\CortexM0\ARM_GCC_541\Debug\cyfitter_cfg.o
 .text.IntDefaultHandler
                0x00000414       0x10 .\CortexM0\ARM_GCC_541\Debug\Cm0Start.o
                0x00000414                IntDefaultHandler
 .text._sbrk    0x00000424       0x34 .\CortexM0\ARM_GCC_541\Debug\Cm0Start.o
                0x00000424                _sbrk
 .text.Start_c  0x00000458       0x48 .\CortexM0\ARM_GCC_541\Debug\Cm0Start.o
                0x00000458                Start_c
 .text.initialize_psoc
                0x000004a0       0x4c .\CortexM0\ARM_GCC_541\Debug\Cm0Start.o
                0x000004a0                initialize_psoc
 .text.CySysClkEcoReadStatus
                0x000004ec       0x10 .\CortexM0\ARM_GCC_541\Debug\VoiceRepeater.a(CyLib.o)
                0x000004ec                CySysClkEcoReadStatus
 .text.CyIntEnable
                0x000004fc       0x14 .\CortexM0\ARM_GCC_541\Debug\VoiceRepeater.a(CyLib.o)
                0x000004fc                CyIntEnable
 .text.CyIntDisable
                0x00000510       0x14 .\CortexM0\ARM_GCC_541\Debug\VoiceRepeater.a(CyLib.o)
                0x00000510                CyIntDisable
 .text.CyIntClearPending
                0x00000524       0x14 .\CortexM0\ARM_GCC_541\Debug\VoiceRepeater.a(CyLib.o)
                0x00000524                CyIntClearPending
 .text.CyHalt   0x00000538        0x4 .\CortexM0\ARM_GCC_541\Debug\VoiceRepeater.a(CyLib.o)
                0x00000538                CyHalt
 .text.CyIntSetVector
                0x0000053c       0x24 .\CortexM0\ARM_GCC_541\Debug\VoiceRepeater.a(CyLib.o)
                0x0000053c                CyIntSetVector
 .text.CyIntSetPriority
                0x00000560       0x4c .\CortexM0\ARM_GCC_541\Debug\VoiceRepeater.a(CyLib.o)
                0x00000560                CyIntSetPriority
 .text.CyDelayUs
                0x000005ac       0x14 .\CortexM0\ARM_GCC_541\Debug\VoiceRepeater.a(CyLib.o)
                0x000005ac                CyDelayUs
 .text.CySysClkWriteImoFreq
                0x000005c0      0x164 .\CortexM0\ARM_GCC_541\Debug\VoiceRepeater.a(CyLib.o)
                0x000005c0                CySysClkWriteImoFreq
 .text.CySysClkEcoStart
                0x00000724       0x54 .\CortexM0\ARM_GCC_541\Debug\VoiceRepeater.a(CyLib.o)
                0x00000724                CySysClkEcoStart
 .text.CySysWdtLocked
                0x00000778       0x14 .\CortexM0\ARM_GCC_541\Debug\VoiceRepeater.a(CyLFClk.o)
 .text.CySysClkWcoStart
                0x0000078c       0x40 .\CortexM0\ARM_GCC_541\Debug\VoiceRepeater.a(CyLFClk.o)
                0x0000078c                CySysClkWcoStart
 .text.CySysClkWcoSetPowerMode
                0x000007cc       0x80 .\CortexM0\ARM_GCC_541\Debug\VoiceRepeater.a(CyLFClk.o)
                0x000007cc                CySysClkWcoSetPowerMode
 .text.CySysWdtLock
                0x0000084c       0x1c .\CortexM0\ARM_GCC_541\Debug\VoiceRepeater.a(CyLFClk.o)
                0x0000084c                CySysWdtLock
 .text.CySysWdtUnlock
                0x00000868       0x30 .\CortexM0\ARM_GCC_541\Debug\VoiceRepeater.a(CyLFClk.o)
                0x00000868                CySysWdtUnlock
 .text.CySysWdtClearInterrupt
                0x00000898       0x4c .\CortexM0\ARM_GCC_541\Debug\VoiceRepeater.a(CyLFClk.o)
                0x00000898                CySysWdtClearInterrupt
 .text.CySysWdtIsr
                0x000008e4       0xa4 .\CortexM0\ARM_GCC_541\Debug\VoiceRepeater.a(CyLFClk.o)
                0x000008e4                CySysWdtIsr
 .text.ADC_Init
                0x00000988      0x104 .\CortexM0\ARM_GCC_541\Debug\VoiceRepeater.a(ADC.o)
                0x00000988                ADC_Init
 .text.ADC_Enable
                0x00000a8c       0x30 .\CortexM0\ARM_GCC_541\Debug\VoiceRepeater.a(ADC.o)
                0x00000a8c                ADC_Enable
 .text.ADC_Start
                0x00000abc       0x20 .\CortexM0\ARM_GCC_541\Debug\VoiceRepeater.a(ADC.o)
                0x00000abc                ADC_Start
 .text.ADC_StartConvert
                0x00000adc       0x14 .\CortexM0\ARM_GCC_541\Debug\VoiceRepeater.a(ADC.o)
                0x00000adc                ADC_StartConvert
 .text.ADC_IsEndConversion
                0x00000af0       0x28 .\CortexM0\ARM_GCC_541\Debug\VoiceRepeater.a(ADC.o)
                0x00000af0                ADC_IsEndConversion
 .text.ADC_GetResult16
                0x00000b18       0x2c .\CortexM0\ARM_GCC_541\Debug\VoiceRepeater.a(ADC.o)
                0x00000b18                ADC_GetResult16
 .text.ADC_CountsTo_mVolts
                0x00000b44       0x5c .\CortexM0\ARM_GCC_541\Debug\VoiceRepeater.a(ADC.o)
                0x00000b44                ADC_CountsTo_mVolts
 .text.ADC_ISR  0x00000ba0        0xc .\CortexM0\ARM_GCC_541\Debug\VoiceRepeater.a(ADC_INT.o)
                0x00000ba0                ADC_ISR
 .text.UART_ScbModePostEnable
                0x00000bac        0x8 .\CortexM0\ARM_GCC_541\Debug\VoiceRepeater.a(UART.o)
 .text.UART_Init
                0x00000bb4        0x8 .\CortexM0\ARM_GCC_541\Debug\VoiceRepeater.a(UART.o)
                0x00000bb4                UART_Init
 .text.UART_Enable
                0x00000bbc       0x18 .\CortexM0\ARM_GCC_541\Debug\VoiceRepeater.a(UART.o)
                0x00000bbc                UART_Enable
 .text.UART_Start
                0x00000bd4       0x20 .\CortexM0\ARM_GCC_541\Debug\VoiceRepeater.a(UART.o)
                0x00000bd4                UART_Start
 .text.UART_UartInit
                0x00000bf4       0xa8 .\CortexM0\ARM_GCC_541\Debug\VoiceRepeater.a(UART_UART.o)
                0x00000bf4                UART_UartInit
 .text.UART_UartPostEnable
                0x00000c9c       0x2c .\CortexM0\ARM_GCC_541\Debug\VoiceRepeater.a(UART_UART.o)
                0x00000c9c                UART_UartPostEnable
 .text.UART_UartPutString
                0x00000cc8       0x18 .\CortexM0\ARM_GCC_541\Debug\VoiceRepeater.a(UART_UART.o)
                0x00000cc8                UART_UartPutString
 .text.CapSense_CsdHwBlockInit
                0x00000ce0       0x7c .\CortexM0\ARM_GCC_541\Debug\VoiceRepeater.a(CapSense.o)
                0x00000ce0                CapSense_CsdHwBlockInit
 .text.CapSense_Enable
                0x00000d5c       0x40 .\CortexM0\ARM_GCC_541\Debug\VoiceRepeater.a(CapSense.o)
                0x00000d5c                CapSense_Enable
 .text.CapSense_IsBusy
                0x00000d9c       0x10 .\CortexM0\ARM_GCC_541\Debug\VoiceRepeater.a(CapSense.o)
                0x00000d9c                CapSense_IsBusy
 .text.CapSense_ReadSensorRaw
                0x00000dac       0x10 .\CortexM0\ARM_GCC_541\Debug\VoiceRepeater.a(CapSense.o)
                0x00000dac                CapSense_ReadSensorRaw
 .text.CapSense_EnableSensor
                0x00000dbc       0x48 .\CortexM0\ARM_GCC_541\Debug\VoiceRepeater.a(CapSense.o)
                0x00000dbc                CapSense_EnableSensor
 .text.CapSense_DisableSensor
                0x00000e04       0x70 .\CortexM0\ARM_GCC_541\Debug\VoiceRepeater.a(CapSense.o)
                0x00000e04                CapSense_DisableSensor
 .text.CapSense_ClearSensors
                0x00000e74       0x14 .\CortexM0\ARM_GCC_541\Debug\VoiceRepeater.a(CapSense.o)
                0x00000e74                CapSense_ClearSensors
 .text.CapSense_SetShieldDelay
                0x00000e88       0x18 .\CortexM0\ARM_GCC_541\Debug\VoiceRepeater.a(CapSense.o)
                0x00000e88                CapSense_SetShieldDelay
 .text.CapSense_GetBitValue
                0x00000ea0       0x18 .\CortexM0\ARM_GCC_541\Debug\VoiceRepeater.a(CapSense.o)
                0x00000ea0                CapSense_GetBitValue
 .text.CapSense_FindNextSensor
                0x00000eb8       0x24 .\CortexM0\ARM_GCC_541\Debug\VoiceRepeater.a(CapSense.o)
                0x00000eb8                CapSense_FindNextSensor
 .text.CapSense_PreScan
                0x00000edc      0x10c .\CortexM0\ARM_GCC_541\Debug\VoiceRepeater.a(CapSense.o)
                0x00000edc                CapSense_PreScan
 .text.CapSense_ScanSensor
                0x00000fe8       0x1c .\CortexM0\ARM_GCC_541\Debug\VoiceRepeater.a(CapSense.o)
                0x00000fe8                CapSense_ScanSensor
 .text.CapSense_ScanEnabledWidgets
                0x00001004       0x38 .\CortexM0\ARM_GCC_541\Debug\VoiceRepeater.a(CapSense.o)
                0x00001004                CapSense_ScanEnabledWidgets
 .text.CapSense_PostScan
                0x0000103c       0x90 .\CortexM0\ARM_GCC_541\Debug\VoiceRepeater.a(CapSense.o)
                0x0000103c                CapSense_PostScan
 .text.CapSense_SetBitValue
                0x000010cc       0x28 .\CortexM0\ARM_GCC_541\Debug\VoiceRepeater.a(CapSense.o)
                0x000010cc                CapSense_SetBitValue
 .text.CapSense_GetSensorRaw
                0x000010f4       0x2c .\CortexM0\ARM_GCC_541\Debug\VoiceRepeater.a(CapSense.o)
                0x000010f4                CapSense_GetSensorRaw
 .text.CapSense_SetUnscannedSensorState
                0x00001120        0xc .\CortexM0\ARM_GCC_541\Debug\VoiceRepeater.a(CapSense.o)
                0x00001120                CapSense_SetUnscannedSensorState
 .text.CapSense_Init
                0x0000112c       0x24 .\CortexM0\ARM_GCC_541\Debug\VoiceRepeater.a(CapSense.o)
                0x0000112c                CapSense_Init
 .text.CapSense_Start
                0x00001150       0x38 .\CortexM0\ARM_GCC_541\Debug\VoiceRepeater.a(CapSense.o)
                0x00001150                CapSense_Start
 .text.CapSense_NormalizeWidgets
                0x00001188       0x40 .\CortexM0\ARM_GCC_541\Debug\VoiceRepeater.a(CapSense.o)
                0x00001188                CapSense_NormalizeWidgets
 .text.CapSense_BaseInit
                0x000011c8       0x24 .\CortexM0\ARM_GCC_541\Debug\VoiceRepeater.a(CapSense_CSHL.o)
                0x000011c8                CapSense_BaseInit
 .text.CapSense_InitializeSensorBaseline
                0x000011ec       0x18 .\CortexM0\ARM_GCC_541\Debug\VoiceRepeater.a(CapSense_CSHL.o)
                0x000011ec                CapSense_InitializeSensorBaseline
 .text.CapSense_InitializeAllBaselines
                0x00001204       0x14 .\CortexM0\ARM_GCC_541\Debug\VoiceRepeater.a(CapSense_CSHL.o)
                0x00001204                CapSense_InitializeAllBaselines
 .text.CapSense_FindMaximum
                0x00001218       0x2c .\CortexM0\ARM_GCC_541\Debug\VoiceRepeater.a(CapSense_CSHL.o)
                0x00001218                CapSense_FindMaximum
 .text.CapSense_CalcCentroid
                0x00001244       0xcc .\CortexM0\ARM_GCC_541\Debug\VoiceRepeater.a(CapSense_CSHL.o)
                0x00001244                CapSense_CalcCentroid
 .text.CapSense_IIR4Filter
                0x00001310        0xc .\CortexM0\ARM_GCC_541\Debug\VoiceRepeater.a(CapSense_CSHL.o)
                0x00001310                CapSense_IIR4Filter
 .text.CapSense_UpdateBaselineNoThreshold
                0x0000131c      0x120 .\CortexM0\ARM_GCC_541\Debug\VoiceRepeater.a(CapSense_CSHL.o)
                0x0000131c                CapSense_UpdateBaselineNoThreshold
 .text.CapSense_UpdateSensorBaseline
                0x0000143c       0x10 .\CortexM0\ARM_GCC_541\Debug\VoiceRepeater.a(CapSense_CSHL.o)
                0x0000143c                CapSense_UpdateSensorBaseline
 .text.CapSense_UpdateEnabledBaselines
                0x0000144c       0x24 .\CortexM0\ARM_GCC_541\Debug\VoiceRepeater.a(CapSense_CSHL.o)
                0x0000144c                CapSense_UpdateEnabledBaselines
 .text.CapSense_GetCentroidPos
                0x00001470       0x7c .\CortexM0\ARM_GCC_541\Debug\VoiceRepeater.a(CapSense_CSHL.o)
                0x00001470                CapSense_GetCentroidPos
 .text.CapSense_ISR
                0x000014ec       0x9c .\CortexM0\ARM_GCC_541\Debug\VoiceRepeater.a(CapSense_INT.o)
                0x000014ec                CapSense_ISR
 .text.CapSense_UpdateThresholds
                0x00001588       0x74 .\CortexM0\ARM_GCC_541\Debug\VoiceRepeater.a(CapSense_SMS.o)
                0x00001588                CapSense_UpdateThresholds
 .text.CapSense_SetAnalogSwitchesSrcDirect
                0x000015fc       0x10 .\CortexM0\ARM_GCC_541\Debug\VoiceRepeater.a(CapSense_SMS.o)
                0x000015fc                CapSense_SetAnalogSwitchesSrcDirect
 .text.CapSense_DisableBaselineIDAC
                0x0000160c       0x1c .\CortexM0\ARM_GCC_541\Debug\VoiceRepeater.a(CapSense_SMS.o)
                0x0000160c                CapSense_DisableBaselineIDAC
 .text.CapSense_EnableBaselineIDAC
                0x00001628       0x50 .\CortexM0\ARM_GCC_541\Debug\VoiceRepeater.a(CapSense_SMS.o)
                0x00001628                CapSense_EnableBaselineIDAC
 .text.CapSense_AutoTune
                0x00001678       0xbc .\CortexM0\ARM_GCC_541\Debug\VoiceRepeater.a(CapSense_SMS.o)
                0x00001678                CapSense_AutoTune
 .text.CapSense_SampleClk_StartEx
                0x00001734       0x1c .\CortexM0\ARM_GCC_541\Debug\VoiceRepeater.a(CapSense_SampleClk.o)
                0x00001734                CapSense_SampleClk_StartEx
 .text.CapSense_SampleClk_Stop
                0x00001750       0x18 .\CortexM0\ARM_GCC_541\Debug\VoiceRepeater.a(CapSense_SampleClk.o)
                0x00001750                CapSense_SampleClk_Stop
 .text.CapSense_SampleClk_SetFractionalDividerRegister
                0x00001768       0x20 .\CortexM0\ARM_GCC_541\Debug\VoiceRepeater.a(CapSense_SampleClk.o)
                0x00001768                CapSense_SampleClk_SetFractionalDividerRegister
 .text.CapSense_SenseClk_StartEx
                0x00001788       0x1c .\CortexM0\ARM_GCC_541\Debug\VoiceRepeater.a(CapSense_SenseClk.o)
                0x00001788                CapSense_SenseClk_StartEx
 .text.CapSense_SenseClk_Stop
                0x000017a4       0x18 .\CortexM0\ARM_GCC_541\Debug\VoiceRepeater.a(CapSense_SenseClk.o)
                0x000017a4                CapSense_SenseClk_Stop
 .text.CapSense_SenseClk_SetFractionalDividerRegister
                0x000017bc       0x20 .\CortexM0\ARM_GCC_541\Debug\VoiceRepeater.a(CapSense_SenseClk.o)
                0x000017bc                CapSense_SenseClk_SetFractionalDividerRegister
 .text.Green_Write
                0x000017dc       0x18 .\CortexM0\ARM_GCC_541\Debug\VoiceRepeater.a(Green.o)
                0x000017dc                Green_Write
 .text.Red_Write
                0x000017f4       0x18 .\CortexM0\ARM_GCC_541\Debug\VoiceRepeater.a(Red.o)
                0x000017f4                Red_Write
 *fill*         0x0000180c        0x4 
 .text          0x00001810       0x20 .\CortexM0\ARM_GCC_541\Debug\VoiceRepeater.a(CyBootAsmGnu.o)
                0x00001810                CyDelayCycles
                0x00001822                CyEnterCriticalSection
                0x0000182a                CyExitCriticalSection
 .text.UART_SpiUartWriteTxData
                0x00001830       0x1c .\CortexM0\ARM_GCC_541\Debug\VoiceRepeater.a(UART_SPI_UART.o)
                0x00001830                UART_SpiUartWriteTxData
 .text.CalibrateOneDAC_P4_v2_60
                0x0000184c       0x40 C:\Program Files (x86)\Cypress\PSoC Creator\4.4\PSoC Creator\psoc\content\CyComponentLibrary\CyComponentLibrary.cylib\CapSense_CSD_P4_v2_60\PSoC4\Library\CapsenseP4Library_GCC.a(CSD_P4_SmartSense_v2_60.o)
                0x0000184c                CalibrateOneDAC_P4_v2_60
 .text.CalibrateSensors_P4_v2_60
                0x0000188c       0x22 C:\Program Files (x86)\Cypress\PSoC Creator\4.4\PSoC Creator\psoc\content\CyComponentLibrary\CyComponentLibrary.cylib\CapSense_CSD_P4_v2_60\PSoC4\Library\CapsenseP4Library_GCC.a(CSD_P4_SmartSense_v2_60.o)
                0x0000188c                CalibrateSensors_P4_v2_60
 .text.TunePrescalers_P4_v2_60
                0x000018ae       0x42 C:\Program Files (x86)\Cypress\PSoC Creator\4.4\PSoC Creator\psoc\content\CyComponentLibrary\CyComponentLibrary.cylib\CapSense_CSD_P4_v2_60\PSoC4\Library\CapsenseP4Library_GCC.a(CSD_P4_SmartSense_v2_60.o)
                0x000018ae                TunePrescalers_P4_v2_60
 .text.TuneSensitivity_P4_v2_60
                0x000018f0       0xdc C:\Program Files (x86)\Cypress\PSoC Creator\4.4\PSoC Creator\psoc\content\CyComponentLibrary\CyComponentLibrary.cylib\CapSense_CSD_P4_v2_60\PSoC4\Library\CapsenseP4Library_GCC.a(CSD_P4_SmartSense_v2_60.o)
                0x000018f0                TuneSensitivity_P4_v2_60
 .text.MeasureNoiseEnvelope_P4_v2_60
                0x000019cc       0xfc C:\Program Files (x86)\Cypress\PSoC Creator\4.4\PSoC Creator\psoc\content\CyComponentLibrary\CyComponentLibrary.cylib\CapSense_CSD_P4_v2_60\PSoC4\Library\CapsenseP4Library_GCC.a(CSD_P4_SmartSense_v2_60.o)
                0x000019cc                MeasureNoiseEnvelope_P4_v2_60
 .text.CalculateThresholds_P4_v2_60
                0x00001ac8       0x36 C:\Program Files (x86)\Cypress\PSoC Creator\4.4\PSoC Creator\psoc\content\CyComponentLibrary\CyComponentLibrary.cylib\CapSense_CSD_P4_v2_60\PSoC4\Library\CapsenseP4Library_GCC.a(CSD_P4_SmartSense_v2_60.o)
                0x00001ac8                CalculateThresholds_P4_v2_60
 *fill*         0x00001afe        0x2 
 .text          0x00001b00      0x114 c:/program files (x86)/cypress/psoc creator/4.4/psoc creator/import/gnu/arm/5.4.1/bin/../lib/gcc/arm-none-eabi/5.4.1/armv6-m\libgcc.a(_udivsi3.o)
                0x00001b00                __aeabi_uidiv
                0x00001b00                __udivsi3
                0x00001c0c                __aeabi_uidivmod
 .text          0x00001c14      0x1d4 c:/program files (x86)/cypress/psoc creator/4.4/psoc creator/import/gnu/arm/5.4.1/bin/../lib/gcc/arm-none-eabi/5.4.1/armv6-m\libgcc.a(_divsi3.o)
                0x00001c14                __divsi3
                0x00001c14                __aeabi_idiv
                0x00001de0                __aeabi_idivmod
 .text          0x00001de8        0x4 c:/program files (x86)/cypress/psoc creator/4.4/psoc creator/import/gnu/arm/5.4.1/bin/../lib/gcc/arm-none-eabi/5.4.1/armv6-m\libgcc.a(_dvmd_tls.o)
                0x00001de8                __aeabi_idiv0
                0x00001de8                __aeabi_ldiv0
 .text          0x00001dec       0x90 c:/program files (x86)/cypress/psoc creator/4.4/psoc creator/import/gnu/arm/5.4.1/bin/../lib/gcc/arm-none-eabi/5.4.1/armv6-m\libgcc.a(floatsisf.o)
                0x00001dec                __aeabi_i2f
 .text          0x00001e7c       0xa8 c:/program files (x86)/cypress/psoc creator/4.4/psoc creator/import/gnu/arm/5.4.1/bin/../lib/gcc/arm-none-eabi/5.4.1/armv6-m\libgcc.a(extendsfdf2.o)
                0x00001e7c                __aeabi_f2d
 .text          0x00001f24       0x3c c:/program files (x86)/cypress/psoc creator/4.4/psoc creator/import/gnu/arm/5.4.1/bin/../lib/gcc/arm-none-eabi/5.4.1/armv6-m\libgcc.a(_clzsi2.o)
                0x00001f24                __clzsi2
 .text.__errno  0x00001f60        0xc c:/program files (x86)/cypress/psoc creator/4.4/psoc creator/import/gnu/arm/5.4.1/bin/../lib/gcc/arm-none-eabi/5.4.1/../../../../arm-none-eabi/lib/armv6-m\libg_nano.a(lib_a-errno.o)
                0x00001f60                __errno
 .text.__libc_init_array
                0x00001f6c       0x4c c:/program files (x86)/cypress/psoc creator/4.4/psoc creator/import/gnu/arm/5.4.1/bin/../lib/gcc/arm-none-eabi/5.4.1/../../../../arm-none-eabi/lib/armv6-m\libg_nano.a(lib_a-init.o)
                0x00001f6c                __libc_init_array
 .text.memset   0x00001fb8       0x10 c:/program files (x86)/cypress/psoc creator/4.4/psoc creator/import/gnu/arm/5.4.1/bin/../lib/gcc/arm-none-eabi/5.4.1/../../../../arm-none-eabi/lib/armv6-m\libg_nano.a(lib_a-memset.o)
                0x00001fb8                memset
 .text.__cvt    0x00001fc8       0xca c:/program files (x86)/cypress/psoc creator/4.4/psoc creator/import/gnu/arm/5.4.1/bin/../lib/gcc/arm-none-eabi/5.4.1/../../../../arm-none-eabi/lib/armv6-m\libg_nano.a(lib_a-nano-vfprintf_float.o)
                0x00001fc8                __cvt
 .text.__exponent
                0x00002092       0x62 c:/program files (x86)/cypress/psoc creator/4.4/psoc creator/import/gnu/arm/5.4.1/bin/../lib/gcc/arm-none-eabi/5.4.1/../../../../arm-none-eabi/lib/armv6-m\libg_nano.a(lib_a-nano-vfprintf_float.o)
                0x00002092                __exponent
 .text._printf_float
                0x000020f4      0x4a0 c:/program files (x86)/cypress/psoc creator/4.4/psoc creator/import/gnu/arm/5.4.1/bin/../lib/gcc/arm-none-eabi/5.4.1/../../../../arm-none-eabi/lib/armv6-m\libg_nano.a(lib_a-nano-vfprintf_float.o)
                0x000020f4                _printf_float
 .text._printf_common
                0x00002594       0xdc c:/program files (x86)/cypress/psoc creator/4.4/psoc creator/import/gnu/arm/5.4.1/bin/../lib/gcc/arm-none-eabi/5.4.1/../../../../arm-none-eabi/lib/armv6-m\libg_nano.a(lib_a-nano-vfprintf_i.o)
                0x00002594                _printf_common
 .text._printf_i
                0x00002670      0x244 c:/program files (x86)/cypress/psoc creator/4.4/psoc creator/import/gnu/arm/5.4.1/bin/../lib/gcc/arm-none-eabi/5.4.1/../../../../arm-none-eabi/lib/armv6-m\libg_nano.a(lib_a-nano-vfprintf_i.o)
                0x00002670                _printf_i
 .text.sprintf  0x000028b4       0x44 c:/program files (x86)/cypress/psoc creator/4.4/psoc creator/import/gnu/arm/5.4.1/bin/../lib/gcc/arm-none-eabi/5.4.1/../../../../arm-none-eabi/lib/armv6-m\libg_nano.a(lib_a-sprintf.o)
                0x000028b4                siprintf
                0x000028b4                sprintf
 .text          0x000028f8        0xe c:/program files (x86)/cypress/psoc creator/4.4/psoc creator/import/gnu/arm/5.4.1/bin/../lib/gcc/arm-none-eabi/5.4.1/../../../../arm-none-eabi/lib/armv6-m\libg_nano.a(lib_a-strlen.o)
                0x000028f8                strlen
 .text.quorem   0x00002906      0x10c c:/program files (x86)/cypress/psoc creator/4.4/psoc creator/import/gnu/arm/5.4.1/bin/../lib/gcc/arm-none-eabi/5.4.1/../../../../arm-none-eabi/lib/armv6-m\libg_nano.a(lib_a-dtoa.o)
 *fill*         0x00002a12        0x2 
 .text._dtoa_r  0x00002a14      0xb8c c:/program files (x86)/cypress/psoc creator/4.4/psoc creator/import/gnu/arm/5.4.1/bin/../lib/gcc/arm-none-eabi/5.4.1/../../../../arm-none-eabi/lib/armv6-m\libg_nano.a(lib_a-dtoa.o)
                0x00002a14                _dtoa_r
 .text._localeconv_r
                0x000035a0        0x8 c:/program files (x86)/cypress/psoc creator/4.4/psoc creator/import/gnu/arm/5.4.1/bin/../lib/gcc/arm-none-eabi/5.4.1/../../../../arm-none-eabi/lib/armv6-m\libg_nano.a(lib_a-locale.o)
                0x000035a0                _localeconv_r
 .text.malloc   0x000035a8       0x14 c:/program files (x86)/cypress/psoc creator/4.4/psoc creator/import/gnu/arm/5.4.1/bin/../lib/gcc/arm-none-eabi/5.4.1/../../../../arm-none-eabi/lib/armv6-m\libg_nano.a(lib_a-malloc.o)
                0x000035a8                malloc
 .text.memchr   0x000035bc       0x16 c:/program files (x86)/cypress/psoc creator/4.4/psoc creator/import/gnu/arm/5.4.1/bin/../lib/gcc/arm-none-eabi/5.4.1/../../../../arm-none-eabi/lib/armv6-m\libg_nano.a(lib_a-memchr-stub.o)
                0x000035bc                memchr
 .text.memcpy   0x000035d2       0x12 c:/program files (x86)/cypress/psoc creator/4.4/psoc creator/import/gnu/arm/5.4.1/bin/../lib/gcc/arm-none-eabi/5.4.1/../../../../arm-none-eabi/lib/armv6-m\libg_nano.a(lib_a-memcpy-stub.o)
                0x000035d2                memcpy
 .text._Balloc  0x000035e4       0x70 c:/program files (x86)/cypress/psoc creator/4.4/psoc creator/import/gnu/arm/5.4.1/bin/../lib/gcc/arm-none-eabi/5.4.1/../../../../arm-none-eabi/lib/armv6-m\libg_nano.a(lib_a-mprec.o)
                0x000035e4                _Balloc
 .text._Bfree   0x00003654       0x32 c:/program files (x86)/cypress/psoc creator/4.4/psoc creator/import/gnu/arm/5.4.1/bin/../lib/gcc/arm-none-eabi/5.4.1/../../../../arm-none-eabi/lib/armv6-m\libg_nano.a(lib_a-mprec.o)
                0x00003654                _Bfree
 .text.__multadd
                0x00003686       0x7a c:/program files (x86)/cypress/psoc creator/4.4/psoc creator/import/gnu/arm/5.4.1/bin/../lib/gcc/arm-none-eabi/5.4.1/../../../../arm-none-eabi/lib/armv6-m\libg_nano.a(lib_a-mprec.o)
                0x00003686                __multadd
 .text.__hi0bits
                0x00003700       0x36 c:/program files (x86)/cypress/psoc creator/4.4/psoc creator/import/gnu/arm/5.4.1/bin/../lib/gcc/arm-none-eabi/5.4.1/../../../../arm-none-eabi/lib/armv6-m\libg_nano.a(lib_a-mprec.o)
                0x00003700                __hi0bits
 .text.__lo0bits
                0x00003736       0x5e c:/program files (x86)/cypress/psoc creator/4.4/psoc creator/import/gnu/arm/5.4.1/bin/../lib/gcc/arm-none-eabi/5.4.1/../../../../arm-none-eabi/lib/armv6-m\libg_nano.a(lib_a-mprec.o)
                0x00003736                __lo0bits
 .text.__i2b    0x00003794       0x12 c:/program files (x86)/cypress/psoc creator/4.4/psoc creator/import/gnu/arm/5.4.1/bin/../lib/gcc/arm-none-eabi/5.4.1/../../../../arm-none-eabi/lib/armv6-m\libg_nano.a(lib_a-mprec.o)
                0x00003794                __i2b
 .text.__multiply
                0x000037a6      0x112 c:/program files (x86)/cypress/psoc creator/4.4/psoc creator/import/gnu/arm/5.4.1/bin/../lib/gcc/arm-none-eabi/5.4.1/../../../../arm-none-eabi/lib/armv6-m\libg_nano.a(lib_a-mprec.o)
                0x000037a6                __multiply
 .text.__pow5mult
                0x000038b8       0xa8 c:/program files (x86)/cypress/psoc creator/4.4/psoc creator/import/gnu/arm/5.4.1/bin/../lib/gcc/arm-none-eabi/5.4.1/../../../../arm-none-eabi/lib/armv6-m\libg_nano.a(lib_a-mprec.o)
                0x000038b8                __pow5mult
 .text.__lshift
                0x00003960       0xa4 c:/program files (x86)/cypress/psoc creator/4.4/psoc creator/import/gnu/arm/5.4.1/bin/../lib/gcc/arm-none-eabi/5.4.1/../../../../arm-none-eabi/lib/armv6-m\libg_nano.a(lib_a-mprec.o)
                0x00003960                __lshift
 .text.__mcmp   0x00003a04       0x36 c:/program files (x86)/cypress/psoc creator/4.4/psoc creator/import/gnu/arm/5.4.1/bin/../lib/gcc/arm-none-eabi/5.4.1/../../../../arm-none-eabi/lib/armv6-m\libg_nano.a(lib_a-mprec.o)
                0x00003a04                __mcmp
 .text.__mdiff  0x00003a3a       0xd6 c:/program files (x86)/cypress/psoc creator/4.4/psoc creator/import/gnu/arm/5.4.1/bin/../lib/gcc/arm-none-eabi/5.4.1/../../../../arm-none-eabi/lib/armv6-m\libg_nano.a(lib_a-mprec.o)
                0x00003a3a                __mdiff
 .text.__d2b    0x00003b10       0xa8 c:/program files (x86)/cypress/psoc creator/4.4/psoc creator/import/gnu/arm/5.4.1/bin/../lib/gcc/arm-none-eabi/5.4.1/../../../../arm-none-eabi/lib/armv6-m\libg_nano.a(lib_a-mprec.o)
                0x00003b10                __d2b
 .text._calloc_r
                0x00003bb8       0x1c c:/program files (x86)/cypress/psoc creator/4.4/psoc creator/import/gnu/arm/5.4.1/bin/../lib/gcc/arm-none-eabi/5.4.1/../../../../arm-none-eabi/lib/armv6-m\libg_nano.a(lib_a-nano-callocr.o)
                0x00003bb8                _calloc_r
 .text._free_r  0x00003bd4       0x98 c:/program files (x86)/cypress/psoc creator/4.4/psoc creator/import/gnu/arm/5.4.1/bin/../lib/gcc/arm-none-eabi/5.4.1/../../../../arm-none-eabi/lib/armv6-m\libg_nano.a(lib_a-nano-freer.o)
                0x00003bd4                _free_r
 .text._malloc_r
                0x00003c6c       0xc0 c:/program files (x86)/cypress/psoc creator/4.4/psoc creator/import/gnu/arm/5.4.1/bin/../lib/gcc/arm-none-eabi/5.4.1/../../../../arm-none-eabi/lib/armv6-m\libg_nano.a(lib_a-nano-mallocr.o)
                0x00003c6c                _malloc_r
 .text.__ssputs_r
                0x00003d2c       0xc4 c:/program files (x86)/cypress/psoc creator/4.4/psoc creator/import/gnu/arm/5.4.1/bin/../lib/gcc/arm-none-eabi/5.4.1/../../../../arm-none-eabi/lib/armv6-m\libg_nano.a(lib_a-nano-svfprintf.o)
                0x00003d2c                __ssputs_r
 .text._svfprintf_r
                0x00003df0      0x1fc c:/program files (x86)/cypress/psoc creator/4.4/psoc creator/import/gnu/arm/5.4.1/bin/../lib/gcc/arm-none-eabi/5.4.1/../../../../arm-none-eabi/lib/armv6-m\libg_nano.a(lib_a-nano-svfprintf.o)
                0x00003df0                _svfiprintf_r
                0x00003df0                _svfprintf_r
 .text._sbrk_r  0x00003fec       0x24 c:/program files (x86)/cypress/psoc creator/4.4/psoc creator/import/gnu/arm/5.4.1/bin/../lib/gcc/arm-none-eabi/5.4.1/../../../../arm-none-eabi/lib/armv6-m\libg_nano.a(lib_a-sbrkr.o)
                0x00003fec                _sbrk_r
 .text.memmove  0x00004010       0x2a c:/program files (x86)/cypress/psoc creator/4.4/psoc creator/import/gnu/arm/5.4.1/bin/../lib/gcc/arm-none-eabi/5.4.1/../../../../arm-none-eabi/lib/armv6-m\libg_nano.a(lib_a-memmove.o)
                0x00004010                memmove
 .text.__malloc_lock
                0x0000403a        0x2 c:/program files (x86)/cypress/psoc creator/4.4/psoc creator/import/gnu/arm/5.4.1/bin/../lib/gcc/arm-none-eabi/5.4.1/../../../../arm-none-eabi/lib/armv6-m\libg_nano.a(lib_a-mlock.o)
                0x0000403a                __malloc_lock
 .text.__malloc_unlock
                0x0000403c        0x2 c:/program files (x86)/cypress/psoc creator/4.4/psoc creator/import/gnu/arm/5.4.1/bin/../lib/gcc/arm-none-eabi/5.4.1/../../../../arm-none-eabi/lib/armv6-m\libg_nano.a(lib_a-mlock.o)
                0x0000403c                __malloc_unlock
 .text._realloc_r
                0x0000403e       0x4c c:/program files (x86)/cypress/psoc creator/4.4/psoc creator/import/gnu/arm/5.4.1/bin/../lib/gcc/arm-none-eabi/5.4.1/../../../../arm-none-eabi/lib/armv6-m\libg_nano.a(lib_a-nano-reallocr.o)
                0x0000403e                _realloc_r
 .text._malloc_usable_size_r
                0x0000408a       0x16 c:/program files (x86)/cypress/psoc creator/4.4/psoc creator/import/gnu/arm/5.4.1/bin/../lib/gcc/arm-none-eabi/5.4.1/../../../../arm-none-eabi/lib/armv6-m\libg_nano.a(lib_a-nano-msizer.o)
                0x0000408a                _malloc_usable_size_r
 .text          0x000040a0       0x14 c:/program files (x86)/cypress/psoc creator/4.4/psoc creator/import/gnu/arm/5.4.1/bin/../lib/gcc/arm-none-eabi/5.4.1/armv6-m\libgcc.a(_thumb1_case_uqi.o)
                0x000040a0                __gnu_thumb1_case_uqi
 .text          0x000040b4       0x7c c:/program files (x86)/cypress/psoc creator/4.4/psoc creator/import/gnu/arm/5.4.1/bin/../lib/gcc/arm-none-eabi/5.4.1/armv6-m\libgcc.a(_arm_cmpdf2.o)
                0x000040b4                __aeabi_cdrcmple
                0x000040c4                __aeabi_cdcmple
                0x000040c4                __aeabi_cdcmpeq
                0x000040d4                __aeabi_dcmpeq
                0x000040e0                __aeabi_dcmplt
                0x000040f4                __aeabi_dcmple
                0x00004108                __aeabi_dcmpgt
                0x0000411c                __aeabi_dcmpge
 .text          0x00004130      0x658 c:/program files (x86)/cypress/psoc creator/4.4/psoc creator/import/gnu/arm/5.4.1/bin/../lib/gcc/arm-none-eabi/5.4.1/armv6-m\libgcc.a(adddf3.o)
                0x00004130                __aeabi_dadd
 .text          0x00004788      0x62c c:/program files (x86)/cypress/psoc creator/4.4/psoc creator/import/gnu/arm/5.4.1/bin/../lib/gcc/arm-none-eabi/5.4.1/armv6-m\libgcc.a(divdf3.o)
                0x00004788                __aeabi_ddiv
 .text          0x00004db4       0x80 c:/program files (x86)/cypress/psoc creator/4.4/psoc creator/import/gnu/arm/5.4.1/bin/../lib/gcc/arm-none-eabi/5.4.1/armv6-m\libgcc.a(eqdf2.o)
                0x00004db4                __nedf2
                0x00004db4                __eqdf2
 .text          0x00004e34       0xc8 c:/program files (x86)/cypress/psoc creator/4.4/psoc creator/import/gnu/arm/5.4.1/bin/../lib/gcc/arm-none-eabi/5.4.1/armv6-m\libgcc.a(gedf2.o)
                0x00004e34                __gedf2
                0x00004e34                __gtdf2
 .text          0x00004efc       0xd4 c:/program files (x86)/cypress/psoc creator/4.4/psoc creator/import/gnu/arm/5.4.1/bin/../lib/gcc/arm-none-eabi/5.4.1/armv6-m\libgcc.a(ledf2.o)
                0x00004efc                __ledf2
                0x00004efc                __ltdf2
 .text          0x00004fd0      0x4f4 c:/program files (x86)/cypress/psoc creator/4.4/psoc creator/import/gnu/arm/5.4.1/bin/../lib/gcc/arm-none-eabi/5.4.1/armv6-m\libgcc.a(muldf3.o)
                0x00004fd0                __aeabi_dmul
 .text          0x000054c4      0x6a8 c:/program files (x86)/cypress/psoc creator/4.4/psoc creator/import/gnu/arm/5.4.1/bin/../lib/gcc/arm-none-eabi/5.4.1/armv6-m\libgcc.a(subdf3.o)
                0x000054c4                __aeabi_dsub
 .text          0x00005b6c       0x40 c:/program files (x86)/cypress/psoc creator/4.4/psoc creator/import/gnu/arm/5.4.1/bin/../lib/gcc/arm-none-eabi/5.4.1/armv6-m\libgcc.a(unorddf2.o)
                0x00005b6c                __aeabi_dcmpun
 .text          0x00005bac       0x6c c:/program files (x86)/cypress/psoc creator/4.4/psoc creator/import/gnu/arm/5.4.1/bin/../lib/gcc/arm-none-eabi/5.4.1/armv6-m\libgcc.a(fixdfsi.o)
                0x00005bac                __aeabi_d2iz
 .text          0x00005c18       0x84 c:/program files (x86)/cypress/psoc creator/4.4/psoc creator/import/gnu/arm/5.4.1/bin/../lib/gcc/arm-none-eabi/5.4.1/armv6-m\libgcc.a(floatsidf.o)
                0x00005c18                __aeabi_i2d
 .text          0x00005c9c       0x70 c:/program files (x86)/cypress/psoc creator/4.4/psoc creator/import/gnu/arm/5.4.1/bin/../lib/gcc/arm-none-eabi/5.4.1/armv6-m\libgcc.a(floatunsidf.o)
                0x00005c9c                __aeabi_ui2d
 *(.plt)
 *(.gnu.warning)
 *(.glue_7t)
 .glue_7t       0x00005d0c        0x0 linker stubs
 *(.glue_7)
 .glue_7        0x00005d0c        0x0 linker stubs
 *(.vfp11_veneer)
 .vfp11_veneer  0x00005d0c        0x0 linker stubs
 *(.bootloader)
 *(.ARM.extab* .gnu.linkonce.armextab.*)
 *(.gcc_except_table)

.v4_bx          0x00005d0c        0x0
 .v4_bx         0x00005d0c        0x0 linker stubs

.iplt           0x00005d0c        0x0
 .iplt          0x00005d0c        0x0 c:/program files (x86)/cypress/psoc creator/4.4/psoc creator/import/gnu/arm/5.4.1/bin/../lib/gcc/arm-none-eabi/5.4.1/armv6-m/crtbegin.o

.eh_frame_hdr
 *(.eh_frame_hdr)

.eh_frame       0x00005d0c        0x4
 *(.eh_frame)
 .eh_frame      0x00005d0c        0x0 c:/program files (x86)/cypress/psoc creator/4.4/psoc creator/import/gnu/arm/5.4.1/bin/../lib/gcc/arm-none-eabi/5.4.1/armv6-m/crtbegin.o
 .eh_frame      0x00005d0c        0x4 c:/program files (x86)/cypress/psoc creator/4.4/psoc creator/import/gnu/arm/5.4.1/bin/../lib/gcc/arm-none-eabi/5.4.1/armv6-m/crtend.o
                [!provide]                PROVIDE (__exidx_start, .)

.ARM.exidx
 *(.ARM.exidx* .gnu.linkonce.armexidx.*)
                0x00005d10                __exidx_end = .

.rodata         0x00005d10      0x368
 *(.rodata .rodata.* .gnu.linkonce.r.*)
 .rodata.str1.4
                0x00005d10        0xc .\CortexM0\ARM_GCC_541\Debug\main.o
                                  0x9 (size before relaxing)
 .rodata        0x00005d1c       0x34 .\CortexM0\ARM_GCC_541\Debug\cyfitter_cfg.o
 .rodata        0x00005d50       0x2e .\CortexM0\ARM_GCC_541\Debug\VoiceRepeater.a(CyLib.o)
                0x00005d50                cyImoFreqMhz2Reg
 *fill*         0x00005d7e        0x2 
 .rodata        0x00005d80       0x70 .\CortexM0\ARM_GCC_541\Debug\VoiceRepeater.a(CapSense.o)
                0x00005d80                CapSense_portTable
                0x00005d84                CapSense_pinShiftTbl
                0x00005d88                CapSense_prtSelTbl
                0x00005da4                CapSense_prtCfgTbl
                0x00005dc0                CapSense_prtDRTbl
                0x00005ddc                CapSense_widgetNumber
                0x00005de0                CapSense_maskTable
 .rodata        0x00005df0        0x5 .\CortexM0\ARM_GCC_541\Debug\VoiceRepeater.a(CapSense_CSHL.o)
                0x00005df0                CapSense_numberOfSensors
                0x00005df4                CapSense_rawDataIndex
 *fill*         0x00005df5        0x3 
 .rodata        0x00005df8       0x6c .\CortexM0\ARM_GCC_541\Debug\VoiceRepeater.a(CapSense_SMS.o)
                0x00005df8                CapSense_configPointers
                0x00005e54                CapSense_prescalerTable
 .rodata.str1.1
                0x00005e64        0x2 c:/program files (x86)/cypress/psoc creator/4.4/psoc creator/import/gnu/arm/5.4.1/bin/../lib/gcc/arm-none-eabi/5.4.1/../../../../arm-none-eabi/lib/armv6-m\libg_nano.a(lib_a-impure.o)
 .rodata.str1.1
                0x00005e66       0x12 c:/program files (x86)/cypress/psoc creator/4.4/psoc creator/import/gnu/arm/5.4.1/bin/../lib/gcc/arm-none-eabi/5.4.1/../../../../arm-none-eabi/lib/armv6-m\libg_nano.a(lib_a-nano-vfprintf_float.o)
 .rodata.str1.1
                0x00005e78       0x22 c:/program files (x86)/cypress/psoc creator/4.4/psoc creator/import/gnu/arm/5.4.1/bin/../lib/gcc/arm-none-eabi/5.4.1/../../../../arm-none-eabi/lib/armv6-m\libg_nano.a(lib_a-nano-vfprintf_i.o)
 .rodata.str1.1
                0x00005e9a        0xd c:/program files (x86)/cypress/psoc creator/4.4/psoc creator/import/gnu/arm/5.4.1/bin/../lib/gcc/arm-none-eabi/5.4.1/../../../../arm-none-eabi/lib/armv6-m\libg_nano.a(lib_a-dtoa.o)
                                  0xf (size before relaxing)
 .rodata.str1.1
                0x00005ea7        0x8 c:/program files (x86)/cypress/psoc creator/4.4/psoc creator/import/gnu/arm/5.4.1/bin/../lib/gcc/arm-none-eabi/5.4.1/../../../../arm-none-eabi/lib/armv6-m\libg_nano.a(lib_a-locale.o)
                                  0xb (size before relaxing)
 *fill*         0x00005eaf        0x1 
 .rodata.__mprec_tens
                0x00005eb0       0xc8 c:/program files (x86)/cypress/psoc creator/4.4/psoc creator/import/gnu/arm/5.4.1/bin/../lib/gcc/arm-none-eabi/5.4.1/../../../../arm-none-eabi/lib/armv6-m\libg_nano.a(lib_a-mprec.o)
                0x00005eb0                __mprec_tens
 .rodata.p05.5408
                0x00005f78        0xc c:/program files (x86)/cypress/psoc creator/4.4/psoc creator/import/gnu/arm/5.4.1/bin/../lib/gcc/arm-none-eabi/5.4.1/../../../../arm-none-eabi/lib/armv6-m\libg_nano.a(lib_a-mprec.o)
 *fill*         0x00005f84        0x4 
 .rodata.__mprec_bigtens
                0x00005f88       0x28 c:/program files (x86)/cypress/psoc creator/4.4/psoc creator/import/gnu/arm/5.4.1/bin/../lib/gcc/arm-none-eabi/5.4.1/../../../../arm-none-eabi/lib/armv6-m\libg_nano.a(lib_a-mprec.o)
                0x00005f88                __mprec_bigtens
 .rodata.str1.1
                0x00005fb0       0x11 c:/program files (x86)/cypress/psoc creator/4.4/psoc creator/import/gnu/arm/5.4.1/bin/../lib/gcc/arm-none-eabi/5.4.1/../../../../arm-none-eabi/lib/armv6-m\libg_nano.a(lib_a-nano-svfprintf.o)
 *fill*         0x00005fc1        0x3 
 .rodata        0x00005fc4       0x40 c:/program files (x86)/cypress/psoc creator/4.4/psoc creator/import/gnu/arm/5.4.1/bin/../lib/gcc/arm-none-eabi/5.4.1/armv6-m\libgcc.a(divdf3.o)
 .rodata        0x00006004       0x40 c:/program files (x86)/cypress/psoc creator/4.4/psoc creator/import/gnu/arm/5.4.1/bin/../lib/gcc/arm-none-eabi/5.4.1/armv6-m\libgcc.a(muldf3.o)
                0x00006044                . = ALIGN (0x4)
 *(.init)
 .init          0x00006044        0x4 c:/program files (x86)/cypress/psoc creator/4.4/psoc creator/import/gnu/arm/5.4.1/bin/../lib/gcc/arm-none-eabi/5.4.1/armv6-m/crti.o
                0x00006044                _init
 .init          0x00006048        0x8 c:/program files (x86)/cypress/psoc creator/4.4/psoc creator/import/gnu/arm/5.4.1/bin/../lib/gcc/arm-none-eabi/5.4.1/armv6-m/crtn.o
                0x00006050                . = ALIGN (0x4)
                0x00006050                __preinit_array_start = .
 *(.preinit_array)
                0x00006050                __preinit_array_end = .
                0x00006050                . = ALIGN (0x4)
                0x00006050                __init_array_start = .
 *(SORT(.init_array.*))
 *(.init_array)
 .init_array    0x00006050        0x4 c:/program files (x86)/cypress/psoc creator/4.4/psoc creator/import/gnu/arm/5.4.1/bin/../lib/gcc/arm-none-eabi/5.4.1/armv6-m/crtbegin.o
 .init_array    0x00006054        0x4 .\CortexM0\ARM_GCC_541\Debug\Cm0Start.o
                0x00006058                __init_array_end = .
                0x00006058                . = ALIGN (0x4)
 *(.fini)
 .fini          0x00006058        0x4 c:/program files (x86)/cypress/psoc creator/4.4/psoc creator/import/gnu/arm/5.4.1/bin/../lib/gcc/arm-none-eabi/5.4.1/armv6-m/crti.o
                0x00006058                _fini
 .fini          0x0000605c        0x8 c:/program files (x86)/cypress/psoc creator/4.4/psoc creator/import/gnu/arm/5.4.1/bin/../lib/gcc/arm-none-eabi/5.4.1/armv6-m/crtn.o
                0x00006064                . = ALIGN (0x4)
                0x00006064                __fini_array_start = .
 *(.fini_array)
 .fini_array    0x00006064        0x4 c:/program files (x86)/cypress/psoc creator/4.4/psoc creator/import/gnu/arm/5.4.1/bin/../lib/gcc/arm-none-eabi/5.4.1/armv6-m/crtbegin.o
 *(SORT(.fini_array.*))
                0x00006068                __fini_array_end = .
                0x00006068                . = ALIGN (0x4)
 *crtbegin.o(.ctors)
 *(EXCLUDE_FILE(*crtend.o) .ctors)
 *(SORT(.ctors.*))
 *crtend.o(.ctors)
                0x00006068                . = ALIGN (0x4)
 *crtbegin.o(.dtors)
 *(EXCLUDE_FILE(*crtend.o) .dtors)
 *(SORT(.dtors.*))
 *crtend.o(.dtors)
                0x00006068                . = ALIGN (0x4)
                0x00006068                __cy_regions = .
                0x00006068        0x4 LONG 0x6078 __cy_region_init_ram
                0x0000606c        0x4 LONG 0x200000c0 __cy_region_start_data
                0x00006070        0x4 LONG 0xf0 __cy_region_init_size_ram
                0x00006074        0x4 LONG 0x100 __cy_region_zero_size_ram
                0x00006078                __cy_regions_end = .
                0x00006078                . = ALIGN (0x8)
                0x00006078                _etext = .

.cy_checksum_exclude
                0x00006078        0x0
 *(.cy_checksum_exclude)

.ramvectors     0x20000000       0xc0
                0x20000000                __cy_region_start_ram = .
 *(.ramvectors)
 .ramvectors    0x20000000       0xc0 .\CortexM0\ARM_GCC_541\Debug\Cm0Start.o
                0x20000000                CyRamVectors

.noinit
 *(.noinit)

.data           0x200000c0       0xf0 load address 0x00006078
                0x200000c0                __cy_region_start_data = .
 *(.jcr)
 .jcr           0x200000c0        0x0 c:/program files (x86)/cypress/psoc creator/4.4/psoc creator/import/gnu/arm/5.4.1/bin/../lib/gcc/arm-none-eabi/5.4.1/armv6-m/crtbegin.o
 .jcr           0x200000c0        0x4 c:/program files (x86)/cypress/psoc creator/4.4/psoc creator/import/gnu/arm/5.4.1/bin/../lib/gcc/arm-none-eabi/5.4.1/armv6-m/crtend.o
 *(.got.plt)
 *(.got)
 *(.shdata)
 *(.data .data.* .gnu.linkonce.d.*)
 .data          0x200000c4        0x4 .\CortexM0\ARM_GCC_541\Debug\Cm0Start.o
 .data          0x200000c8       0x14 .\CortexM0\ARM_GCC_541\Debug\VoiceRepeater.a(CyLib.o)
                0x200000c8                CySysClkPumpConfig
                0x200000cc                cydelay32kMs
                0x200000d0                cydelayFreqKhz
                0x200000d4                cydelayFreqMhz
                0x200000d8                cydelayFreqHz
 .data          0x200000dc        0x8 .\CortexM0\ARM_GCC_541\Debug\VoiceRepeater.a(CyLFClk.o)
 .data          0x200000e4       0x18 .\CortexM0\ARM_GCC_541\Debug\VoiceRepeater.a(CapSense.o)
                0x200000e4                CapSense_widgetResolution
                0x200000e8                CapSense_sensorEnableMask
                0x200000ec                CapSense_pcTable
 .data          0x200000fc        0xf .\CortexM0\ARM_GCC_541\Debug\VoiceRepeater.a(CapSense_CSHL.o)
                0x200000fc                CapSense_debounce
                0x20000100                CapSense_lowBaselineReset
                0x20000104                CapSense_enableRawFilters
 *fill*         0x2000010b        0x1 
 .data          0x2000010c        0x4 .\CortexM0\ARM_GCC_541\Debug\VoiceRepeater.a(CapSense_SMS.o)
                0x2000010c                CapSense_sensorSensitivity
 .data.impure_data
                0x20000110       0x60 c:/program files (x86)/cypress/psoc creator/4.4/psoc creator/import/gnu/arm/5.4.1/bin/../lib/gcc/arm-none-eabi/5.4.1/../../../../arm-none-eabi/lib/armv6-m\libg_nano.a(lib_a-impure.o)
 .data._impure_ptr
                0x20000170        0x4 c:/program files (x86)/cypress/psoc creator/4.4/psoc creator/import/gnu/arm/5.4.1/bin/../lib/gcc/arm-none-eabi/5.4.1/../../../../arm-none-eabi/lib/armv6-m\libg_nano.a(lib_a-impure.o)
                0x20000170                _impure_ptr
 .data.lconv    0x20000174       0x38 c:/program files (x86)/cypress/psoc creator/4.4/psoc creator/import/gnu/arm/5.4.1/bin/../lib/gcc/arm-none-eabi/5.4.1/../../../../arm-none-eabi/lib/armv6-m\libg_nano.a(lib_a-locale.o)
                0x200001b0                . = ALIGN (0x8)
 *fill*         0x200001ac        0x4 
 *(.ram)
                0x200001b0                _edata = .

.igot.plt       0x200001b0        0x0 load address 0x00006168
 .igot.plt      0x200001b0        0x0 c:/program files (x86)/cypress/psoc creator/4.4/psoc creator/import/gnu/arm/5.4.1/bin/../lib/gcc/arm-none-eabi/5.4.1/armv6-m/crtbegin.o

.bss            0x200001b0      0x100 load address 0x00006168
                0x200001b0                PROVIDE (__bss_start__, .)
 *(.shbss)
 *(.bss .bss.* .gnu.linkonce.b.*)
 .bss           0x200001b0       0x1c c:/program files (x86)/cypress/psoc creator/4.4/psoc creator/import/gnu/arm/5.4.1/bin/../lib/gcc/arm-none-eabi/5.4.1/armv6-m/crtbegin.o
 .bss           0x200001cc        0x4 .\CortexM0\ARM_GCC_541\Debug\main.o
                0x200001cc                x
 .bss           0x200001d0       0x28 .\CortexM0\ARM_GCC_541\Debug\VoiceRepeater.a(CyLFClk.o)
 .bss           0x200001f8        0x1 .\CortexM0\ARM_GCC_541\Debug\VoiceRepeater.a(ADC.o)
                0x200001f8                ADC_initVar
 *fill*         0x200001f9        0x1 
 .bss           0x200001fa        0x4 .\CortexM0\ARM_GCC_541\Debug\VoiceRepeater.a(UART.o)
                0x200001fa                UART_initVar
                0x200001fc                UART_IntrTxMask
 *fill*         0x200001fe        0x2 
 .bss           0x20000200        0xf .\CortexM0\ARM_GCC_541\Debug\VoiceRepeater.a(CapSense.o)
                0x20000200                CapSense_csdStatusVar
                0x20000204                CapSense_sensorRaw
                0x2000020c                CapSense_sensorIndex
                0x2000020e                CapSense_lowLevelTuningDone
 *fill*         0x2000020f        0x1 
 .bss           0x20000210       0x1b .\CortexM0\ARM_GCC_541\Debug\VoiceRepeater.a(CapSense_CSHL.o)
                0x20000210                CapSense_sensorBaseline
                0x20000218                CapSense_sensorBaselineLow
                0x2000021c                CapSense_sensorSignal
                0x20000224                CapSense_sensorOnMask
 .bss           0x2000022b        0x1 .\CortexM0\ARM_GCC_541\Debug\VoiceRepeater.a(CapSense_INT.o)
 .bss.__malloc_sbrk_start
                0x2000022c        0x4 c:/program files (x86)/cypress/psoc creator/4.4/psoc creator/import/gnu/arm/5.4.1/bin/../lib/gcc/arm-none-eabi/5.4.1/../../../../arm-none-eabi/lib/armv6-m\libg_nano.a(lib_a-nano-mallocr.o)
                0x2000022c                __malloc_sbrk_start
 .bss.__malloc_free_list
                0x20000230        0x4 c:/program files (x86)/cypress/psoc creator/4.4/psoc creator/import/gnu/arm/5.4.1/bin/../lib/gcc/arm-none-eabi/5.4.1/../../../../arm-none-eabi/lib/armv6-m\libg_nano.a(lib_a-nano-mallocr.o)
                0x20000230                __malloc_free_list
 *(COMMON)
 COMMON         0x20000234        0x6 .\CortexM0\ARM_GCC_541\Debug\VoiceRepeater.a(ADC.o)
                0x20000234                ADC_countsPer10Volt
                0x20000238                ADC_offset
 *fill*         0x2000023a        0x2 
 COMMON         0x2000023c       0x20 .\CortexM0\ARM_GCC_541\Debug\VoiceRepeater.a(CapSense.o)
                0x2000023c                CapSense_csdTrim1
                0x20000240                CapSense_scanSpeedTbl
                0x20000244                CapSense_sensorEnableMaskBackup
                0x20000248                CapSense_senseClkDividerVal
                0x2000024c                CapSense_modulationIDAC
                0x20000250                CapSense_compensationIDAC
                0x20000254                CapSense_unscannedSnsDriveMode
                0x20000258                CapSense_sampleClkDividerVal
 COMMON         0x2000025c       0x19 .\CortexM0\ARM_GCC_541\Debug\VoiceRepeater.a(CapSense_CSHL.o)
                0x2000025c                CapSense_noiseThreshold
                0x20000260                CapSense_lowBaselineResetCnt
                0x20000264                CapSense_negativeNoiseThreshold
                0x20000268                CapSense_rawFilterData1
                0x20000270                CapSense_hysteresis
                0x20000274                CapSense_fingerThreshold
 *fill*         0x20000275        0x3 
 COMMON         0x20000278       0x34 .\CortexM0\ARM_GCC_541\Debug\VoiceRepeater.a(CapSense_SMS.o)
                0x20000278                CapSense_runningDifferenceTbl
                0x2000027c                CapSense_signRegisterTbl
                0x20000280                CapSense_sampleMaxTbl
                0x20000288                CapSense_noiseEnvelopeTbl
                0x2000028c                CapSense_previousSampleTbl
                0x20000294                CapSense_sampleMinTbl
                0x2000029c                CapSense_config
                0x200002a8                CapSense_kValueTbl
 COMMON         0x200002ac        0x4 c:/program files (x86)/cypress/psoc creator/4.4/psoc creator/import/gnu/arm/5.4.1/bin/../lib/gcc/arm-none-eabi/5.4.1/../../../../arm-none-eabi/lib/armv6-m\libg_nano.a(lib_a-reent.o)
                0x200002ac                errno
                0x200002b0                . = ALIGN (0x8)
 *(.ram.b)
                0x200002b0                _end = .
                0x200002b0                __end = .
                0x200002b0                PROVIDE (end, .)
                0x200002b0                PROVIDE (__bss_end__, .)
                0x00006078                __cy_region_init_ram = LOADADDR (.data)
                0x000000f0                __cy_region_init_size_ram = (_edata - ADDR (.data))
                0x00000100                __cy_region_zero_size_ram = (_end - _edata)

.heap           0x200002b0      0x200 load address 0x00006168
                0x200002b0                . = _end
                0x200004b0                . = (. + 0x200)
 *fill*         0x200002b0      0x200 
                0x200004b0                __cy_heap_limit = .

.stack          0x20007800      0x800
                0x20007800                __cy_stack_limit = .
                0x20008000                . = (. + 0x800)
 *fill*         0x20007800      0x800 
                0x00000001                ASSERT ((__cy_stack_limit >= __cy_heap_limit), region RAM overflowed with stack)
                0x00000000                cy_checksum_exclude_size = (CY_APPL_LOADABLE == 0x1)?SIZEOF (.cy_checksum_exclude):0x0
                0x00000001                ASSERT ((cy_checksum_exclude_size <= CY_CHECKSUM_EXCLUDE_SIZE), CY_BOOT: Section .cy_checksum_exclude size exceedes specified limit.)
                0x0003ffc0                cyloadermeta_start = (cy_project_type_bootloader || cy_project_type_app_for_stack_and_copier)?(LENGTH (rom) - CY_METADATA_SIZE):0xf0000000

.cyloadermeta
 *(.cyloadermeta)
                0x0003ffc0                cyloadablemeta_start = cy_project_type_app_for_stack_and_copier?((LENGTH (rom) - CY_FLASH_ROW_SIZE) - CY_METADATA_SIZE):((LENGTH (rom) - (CY_FLASH_ROW_SIZE * (CY_APPL_NUM - 0x1))) - CY_METADATA_SIZE)

.cyloadablemeta
 *(.cyloadablemeta)

.cyflashprotect
                0x90400000       0x80
 *(.cyflashprotect)
 .cyflashprotect
                0x90400000       0x80 .\CortexM0\ARM_GCC_541\Debug\cymetadata.o
                0x90400000                cy_meta_flashprotect

.cymeta         0x90500000        0xc
 *(.cymeta)
 .cymeta        0x90500000        0xc .\CortexM0\ARM_GCC_541\Debug\cymetadata.o
                0x90500000                cy_metadata

.cychipprotect  0x90600000        0x1
 *(.cychipprotect)
 .cychipprotect
                0x90600000        0x1 .\CortexM0\ARM_GCC_541\Debug\cymetadata.o
                0x90600000                cy_meta_chipprotect

.rel.dyn        0x00006168        0x0 load address 0x90600004
 .rel.iplt      0x00006168        0x0 c:/program files (x86)/cypress/psoc creator/4.4/psoc creator/import/gnu/arm/5.4.1/bin/../lib/gcc/arm-none-eabi/5.4.1/armv6-m/crtbegin.o

.stab
 *(.stab)

.stabstr
 *(.stabstr)

.debug
 *(.debug)

.line
 *(.line)

.debug_srcinfo
 *(.debug_srcinfo)

.debug_sfnames
 *(.debug_sfnames)

.debug_aranges  0x00000000      0xac8
 *(.debug_aranges)
 .debug_aranges
                0x00000000       0x20 .\CortexM0\ARM_GCC_541\Debug\main.o
 .debug_aranges
                0x00000020       0x48 .\CortexM0\ARM_GCC_541\Debug\cyfitter_cfg.o
 .debug_aranges
                0x00000068       0x18 .\CortexM0\ARM_GCC_541\Debug\cymetadata.o
 .debug_aranges
                0x00000080       0x48 .\CortexM0\ARM_GCC_541\Debug\Cm0Start.o
 .debug_aranges
                0x000000c8      0x1d0 .\CortexM0\ARM_GCC_541\Debug\VoiceRepeater.a(CyLib.o)
 .debug_aranges
                0x00000298      0x188 .\CortexM0\ARM_GCC_541\Debug\VoiceRepeater.a(CyLFClk.o)
 .debug_aranges
                0x00000420       0xa8 .\CortexM0\ARM_GCC_541\Debug\VoiceRepeater.a(ADC.o)
 .debug_aranges
                0x000004c8       0x20 .\CortexM0\ARM_GCC_541\Debug\VoiceRepeater.a(ADC_INT.o)
 .debug_aranges
                0x000004e8       0x58 .\CortexM0\ARM_GCC_541\Debug\VoiceRepeater.a(UART.o)
 .debug_aranges
                0x00000540       0x90 .\CortexM0\ARM_GCC_541\Debug\VoiceRepeater.a(UART_UART.o)
 .debug_aranges
                0x000005d0      0x158 .\CortexM0\ARM_GCC_541\Debug\VoiceRepeater.a(CapSense.o)
 .debug_aranges
                0x00000728      0x148 .\CortexM0\ARM_GCC_541\Debug\VoiceRepeater.a(CapSense_CSHL.o)
 .debug_aranges
                0x00000870       0x20 .\CortexM0\ARM_GCC_541\Debug\VoiceRepeater.a(CapSense_INT.o)
 .debug_aranges
                0x00000890       0x60 .\CortexM0\ARM_GCC_541\Debug\VoiceRepeater.a(CapSense_SMS.o)
 .debug_aranges
                0x000008f0       0x40 .\CortexM0\ARM_GCC_541\Debug\VoiceRepeater.a(CapSense_SampleClk.o)
 .debug_aranges
                0x00000930       0x40 .\CortexM0\ARM_GCC_541\Debug\VoiceRepeater.a(CapSense_SenseClk.o)
 .debug_aranges
                0x00000970       0x48 .\CortexM0\ARM_GCC_541\Debug\VoiceRepeater.a(Green.o)
 .debug_aranges
                0x000009b8       0x48 .\CortexM0\ARM_GCC_541\Debug\VoiceRepeater.a(Red.o)
 .debug_aranges
                0x00000a00       0x20 .\CortexM0\ARM_GCC_541\Debug\VoiceRepeater.a(CyBootAsmGnu.o)
 .debug_aranges
                0x00000a20       0x60 .\CortexM0\ARM_GCC_541\Debug\VoiceRepeater.a(UART_SPI_UART.o)
 .debug_aranges
                0x00000a80       0x48 C:\Program Files (x86)\Cypress\PSoC Creator\4.4\PSoC Creator\psoc\content\CyComponentLibrary\CyComponentLibrary.cylib\CapSense_CSD_P4_v2_60\PSoC4\Library\CapsenseP4Library_GCC.a(CSD_P4_SmartSense_v2_60.o)

.debug_pubnames
 *(.debug_pubnames)

.debug_info     0x00000000     0x7039
 *(.debug_info .gnu.linkonce.wi.*)
 .debug_info    0x00000000      0x311 .\CortexM0\ARM_GCC_541\Debug\main.o
 .debug_info    0x00000311      0x499 .\CortexM0\ARM_GCC_541\Debug\cyfitter_cfg.o
 .debug_info    0x000007aa       0xf8 .\CortexM0\ARM_GCC_541\Debug\cymetadata.o
 .debug_info    0x000008a2      0x3a2 .\CortexM0\ARM_GCC_541\Debug\Cm0Start.o
 .debug_info    0x00000c44      0xd2c .\CortexM0\ARM_GCC_541\Debug\VoiceRepeater.a(CyLib.o)
 .debug_info    0x00001970     0x1071 .\CortexM0\ARM_GCC_541\Debug\VoiceRepeater.a(CyLFClk.o)
 .debug_info    0x000029e1      0x579 .\CortexM0\ARM_GCC_541\Debug\VoiceRepeater.a(ADC.o)
 .debug_info    0x00002f5a       0xcb .\CortexM0\ARM_GCC_541\Debug\VoiceRepeater.a(ADC_INT.o)
 .debug_info    0x00003025      0x23a .\CortexM0\ARM_GCC_541\Debug\VoiceRepeater.a(UART.o)
 .debug_info    0x0000325f      0x3b5 .\CortexM0\ARM_GCC_541\Debug\VoiceRepeater.a(UART_UART.o)
 .debug_info    0x00003614     0x1111 .\CortexM0\ARM_GCC_541\Debug\VoiceRepeater.a(CapSense.o)
 .debug_info    0x00004725     0x1116 .\CortexM0\ARM_GCC_541\Debug\VoiceRepeater.a(CapSense_CSHL.o)
 .debug_info    0x0000583b      0x198 .\CortexM0\ARM_GCC_541\Debug\VoiceRepeater.a(CapSense_INT.o)
 .debug_info    0x000059d3      0x7ca .\CortexM0\ARM_GCC_541\Debug\VoiceRepeater.a(CapSense_SMS.o)
 .debug_info    0x0000619d      0x166 .\CortexM0\ARM_GCC_541\Debug\VoiceRepeater.a(CapSense_SampleClk.o)
 .debug_info    0x00006303      0x166 .\CortexM0\ARM_GCC_541\Debug\VoiceRepeater.a(CapSense_SenseClk.o)
 .debug_info    0x00006469      0x19d .\CortexM0\ARM_GCC_541\Debug\VoiceRepeater.a(Green.o)
 .debug_info    0x00006606      0x19d .\CortexM0\ARM_GCC_541\Debug\VoiceRepeater.a(Red.o)
 .debug_info    0x000067a3       0x94 .\CortexM0\ARM_GCC_541\Debug\VoiceRepeater.a(CyBootAsmGnu.o)
 .debug_info    0x00006837      0x220 .\CortexM0\ARM_GCC_541\Debug\VoiceRepeater.a(UART_SPI_UART.o)
 .debug_info    0x00006a57      0x5e2 C:\Program Files (x86)\Cypress\PSoC Creator\4.4\PSoC Creator\psoc\content\CyComponentLibrary\CyComponentLibrary.cylib\CapSense_CSD_P4_v2_60\PSoC4\Library\CapsenseP4Library_GCC.a(CSD_P4_SmartSense_v2_60.o)

.debug_abbrev   0x00000000     0x192f
 *(.debug_abbrev)
 .debug_abbrev  0x00000000       0xf7 .\CortexM0\ARM_GCC_541\Debug\main.o
 .debug_abbrev  0x000000f7      0x1cf .\CortexM0\ARM_GCC_541\Debug\cyfitter_cfg.o
 .debug_abbrev  0x000002c6       0x5d .\CortexM0\ARM_GCC_541\Debug\cymetadata.o
 .debug_abbrev  0x00000323      0x1d7 .\CortexM0\ARM_GCC_541\Debug\Cm0Start.o
 .debug_abbrev  0x000004fa      0x1d3 .\CortexM0\ARM_GCC_541\Debug\VoiceRepeater.a(CyLib.o)
 .debug_abbrev  0x000006cd      0x248 .\CortexM0\ARM_GCC_541\Debug\VoiceRepeater.a(CyLFClk.o)
 .debug_abbrev  0x00000915      0x184 .\CortexM0\ARM_GCC_541\Debug\VoiceRepeater.a(ADC.o)
 .debug_abbrev  0x00000a99       0x65 .\CortexM0\ARM_GCC_541\Debug\VoiceRepeater.a(ADC_INT.o)
 .debug_abbrev  0x00000afe       0xd5 .\CortexM0\ARM_GCC_541\Debug\VoiceRepeater.a(UART.o)
 .debug_abbrev  0x00000bd3      0x132 .\CortexM0\ARM_GCC_541\Debug\VoiceRepeater.a(UART_UART.o)
 .debug_abbrev  0x00000d05      0x188 .\CortexM0\ARM_GCC_541\Debug\VoiceRepeater.a(CapSense.o)
 .debug_abbrev  0x00000e8d      0x242 .\CortexM0\ARM_GCC_541\Debug\VoiceRepeater.a(CapSense_CSHL.o)
 .debug_abbrev  0x000010cf       0xca .\CortexM0\ARM_GCC_541\Debug\VoiceRepeater.a(CapSense_INT.o)
 .debug_abbrev  0x00001199      0x1d5 .\CortexM0\ARM_GCC_541\Debug\VoiceRepeater.a(CapSense_SMS.o)
 .debug_abbrev  0x0000136e       0xb7 .\CortexM0\ARM_GCC_541\Debug\VoiceRepeater.a(CapSense_SampleClk.o)
 .debug_abbrev  0x00001425       0xb7 .\CortexM0\ARM_GCC_541\Debug\VoiceRepeater.a(CapSense_SenseClk.o)
 .debug_abbrev  0x000014dc       0xc8 .\CortexM0\ARM_GCC_541\Debug\VoiceRepeater.a(Green.o)
 .debug_abbrev  0x000015a4       0xc8 .\CortexM0\ARM_GCC_541\Debug\VoiceRepeater.a(Red.o)
 .debug_abbrev  0x0000166c       0x14 .\CortexM0\ARM_GCC_541\Debug\VoiceRepeater.a(CyBootAsmGnu.o)
 .debug_abbrev  0x00001680      0x14f .\CortexM0\ARM_GCC_541\Debug\VoiceRepeater.a(UART_SPI_UART.o)
 .debug_abbrev  0x000017cf      0x160 C:\Program Files (x86)\Cypress\PSoC Creator\4.4\PSoC Creator\psoc\content\CyComponentLibrary\CyComponentLibrary.cylib\CapSense_CSD_P4_v2_60\PSoC4\Library\CapsenseP4Library_GCC.a(CSD_P4_SmartSense_v2_60.o)

.debug_line     0x00000000     0x2973
 *(.debug_line)
 .debug_line    0x00000000      0x14c .\CortexM0\ARM_GCC_541\Debug\main.o
 .debug_line    0x0000014c      0x1b6 .\CortexM0\ARM_GCC_541\Debug\cyfitter_cfg.o
 .debug_line    0x00000302      0x141 .\CortexM0\ARM_GCC_541\Debug\cymetadata.o
 .debug_line    0x00000443      0x236 .\CortexM0\ARM_GCC_541\Debug\Cm0Start.o
 .debug_line    0x00000679      0x553 .\CortexM0\ARM_GCC_541\Debug\VoiceRepeater.a(CyLib.o)
 .debug_line    0x00000bcc      0x5db .\CortexM0\ARM_GCC_541\Debug\VoiceRepeater.a(CyLFClk.o)
 .debug_line    0x000011a7      0x275 .\CortexM0\ARM_GCC_541\Debug\VoiceRepeater.a(ADC.o)
 .debug_line    0x0000141c       0x62 .\CortexM0\ARM_GCC_541\Debug\VoiceRepeater.a(ADC_INT.o)
 .debug_line    0x0000147e      0x108 .\CortexM0\ARM_GCC_541\Debug\VoiceRepeater.a(UART.o)
 .debug_line    0x00001586      0x1cf .\CortexM0\ARM_GCC_541\Debug\VoiceRepeater.a(UART_UART.o)
 .debug_line    0x00001755      0x4fb .\CortexM0\ARM_GCC_541\Debug\VoiceRepeater.a(CapSense.o)
 .debug_line    0x00001c50      0x47a .\CortexM0\ARM_GCC_541\Debug\VoiceRepeater.a(CapSense_CSHL.o)
 .debug_line    0x000020ca       0xac .\CortexM0\ARM_GCC_541\Debug\VoiceRepeater.a(CapSense_INT.o)
 .debug_line    0x00002176      0x1ab .\CortexM0\ARM_GCC_541\Debug\VoiceRepeater.a(CapSense_SMS.o)
 .debug_line    0x00002321       0xc5 .\CortexM0\ARM_GCC_541\Debug\VoiceRepeater.a(CapSense_SampleClk.o)
 .debug_line    0x000023e6       0xc4 .\CortexM0\ARM_GCC_541\Debug\VoiceRepeater.a(CapSense_SenseClk.o)
 .debug_line    0x000024aa       0xbd .\CortexM0\ARM_GCC_541\Debug\VoiceRepeater.a(Green.o)
 .debug_line    0x00002567       0xbb .\CortexM0\ARM_GCC_541\Debug\VoiceRepeater.a(Red.o)
 .debug_line    0x00002622       0x68 .\CortexM0\ARM_GCC_541\Debug\VoiceRepeater.a(CyBootAsmGnu.o)
 .debug_line    0x0000268a      0x11a .\CortexM0\ARM_GCC_541\Debug\VoiceRepeater.a(UART_SPI_UART.o)
 .debug_line    0x000027a4      0x1cf C:\Program Files (x86)\Cypress\PSoC Creator\4.4\PSoC Creator\psoc\content\CyComponentLibrary\CyComponentLibrary.cylib\CapSense_CSD_P4_v2_60\PSoC4\Library\CapsenseP4Library_GCC.a(CSD_P4_SmartSense_v2_60.o)

.debug_frame    0x00000000     0x2608
 *(.debug_frame)
 .debug_frame   0x00000000       0x30 .\CortexM0\ARM_GCC_541\Debug\main.o
 .debug_frame   0x00000030       0xb8 .\CortexM0\ARM_GCC_541\Debug\cyfitter_cfg.o
 .debug_frame   0x000000e8       0xbc .\CortexM0\ARM_GCC_541\Debug\Cm0Start.o
 .debug_frame   0x000001a4      0x4a4 .\CortexM0\ARM_GCC_541\Debug\VoiceRepeater.a(CyLib.o)
 .debug_frame   0x00000648      0x4a8 .\CortexM0\ARM_GCC_541\Debug\VoiceRepeater.a(CyLFClk.o)
 .debug_frame   0x00000af0      0x1b0 .\CortexM0\ARM_GCC_541\Debug\VoiceRepeater.a(ADC.o)
 .debug_frame   0x00000ca0       0x20 .\CortexM0\ARM_GCC_541\Debug\VoiceRepeater.a(ADC_INT.o)
 .debug_frame   0x00000cc0       0xd8 .\CortexM0\ARM_GCC_541\Debug\VoiceRepeater.a(UART.o)
 .debug_frame   0x00000d98      0x144 .\CortexM0\ARM_GCC_541\Debug\VoiceRepeater.a(UART_UART.o)
 .debug_frame   0x00000edc      0x3cc .\CortexM0\ARM_GCC_541\Debug\VoiceRepeater.a(CapSense.o)
 .debug_frame   0x000012a8      0x36c .\CortexM0\ARM_GCC_541\Debug\VoiceRepeater.a(CapSense_CSHL.o)
 .debug_frame   0x00001614       0x2c .\CortexM0\ARM_GCC_541\Debug\VoiceRepeater.a(CapSense_INT.o)
 .debug_frame   0x00001640       0xec .\CortexM0\ARM_GCC_541\Debug\VoiceRepeater.a(CapSense_SMS.o)
 .debug_frame   0x0000172c       0x6c .\CortexM0\ARM_GCC_541\Debug\VoiceRepeater.a(CapSense_SampleClk.o)
 .debug_frame   0x00001798       0x6c .\CortexM0\ARM_GCC_541\Debug\VoiceRepeater.a(CapSense_SenseClk.o)
 .debug_frame   0x00001804       0x70 .\CortexM0\ARM_GCC_541\Debug\VoiceRepeater.a(Green.o)
 .debug_frame   0x00001874       0x70 .\CortexM0\ARM_GCC_541\Debug\VoiceRepeater.a(Red.o)
 .debug_frame   0x000018e4       0xb0 .\CortexM0\ARM_GCC_541\Debug\VoiceRepeater.a(UART_SPI_UART.o)
 .debug_frame   0x00001994       0xec C:\Program Files (x86)\Cypress\PSoC Creator\4.4\PSoC Creator\psoc\content\CyComponentLibrary\CyComponentLibrary.cylib\CapSense_CSD_P4_v2_60\PSoC4\Library\CapsenseP4Library_GCC.a(CSD_P4_SmartSense_v2_60.o)
 .debug_frame   0x00001a80       0x20 c:/program files (x86)/cypress/psoc creator/4.4/psoc creator/import/gnu/arm/5.4.1/bin/../lib/gcc/arm-none-eabi/5.4.1/armv6-m\libgcc.a(_udivsi3.o)
 .debug_frame   0x00001aa0       0x20 c:/program files (x86)/cypress/psoc creator/4.4/psoc creator/import/gnu/arm/5.4.1/bin/../lib/gcc/arm-none-eabi/5.4.1/armv6-m\libgcc.a(_divsi3.o)
 .debug_frame   0x00001ac0       0x34 c:/program files (x86)/cypress/psoc creator/4.4/psoc creator/import/gnu/arm/5.4.1/bin/../lib/gcc/arm-none-eabi/5.4.1/armv6-m\libgcc.a(_muldi3.o)
 .debug_frame   0x00001af4       0x30 c:/program files (x86)/cypress/psoc creator/4.4/psoc creator/import/gnu/arm/5.4.1/bin/../lib/gcc/arm-none-eabi/5.4.1/armv6-m\libgcc.a(bpabi.o)
 .debug_frame   0x00001b24       0x3c c:/program files (x86)/cypress/psoc creator/4.4/psoc creator/import/gnu/arm/5.4.1/bin/../lib/gcc/arm-none-eabi/5.4.1/armv6-m\libgcc.a(divsf3.o)
 .debug_frame   0x00001b60       0x38 c:/program files (x86)/cypress/psoc creator/4.4/psoc creator/import/gnu/arm/5.4.1/bin/../lib/gcc/arm-none-eabi/5.4.1/armv6-m\libgcc.a(mulsf3.o)
 .debug_frame   0x00001b98       0x2c c:/program files (x86)/cypress/psoc creator/4.4/psoc creator/import/gnu/arm/5.4.1/bin/../lib/gcc/arm-none-eabi/5.4.1/armv6-m\libgcc.a(floatsisf.o)
 .debug_frame   0x00001bc4       0x2c c:/program files (x86)/cypress/psoc creator/4.4/psoc creator/import/gnu/arm/5.4.1/bin/../lib/gcc/arm-none-eabi/5.4.1/armv6-m\libgcc.a(extendsfdf2.o)
 .debug_frame   0x00001bf0       0x3c c:/program files (x86)/cypress/psoc creator/4.4/psoc creator/import/gnu/arm/5.4.1/bin/../lib/gcc/arm-none-eabi/5.4.1/armv6-m\libgcc.a(_divdi3.o)
 .debug_frame   0x00001c2c       0x20 c:/program files (x86)/cypress/psoc creator/4.4/psoc creator/import/gnu/arm/5.4.1/bin/../lib/gcc/arm-none-eabi/5.4.1/../../../../arm-none-eabi/lib/armv6-m\libg_nano.a(lib_a-errno.o)
 .debug_frame   0x00001c4c       0x28 c:/program files (x86)/cypress/psoc creator/4.4/psoc creator/import/gnu/arm/5.4.1/bin/../lib/gcc/arm-none-eabi/5.4.1/../../../../arm-none-eabi/lib/armv6-m\libg_nano.a(lib_a-exit.o)
 .debug_frame   0x00001c74       0x2c c:/program files (x86)/cypress/psoc creator/4.4/psoc creator/import/gnu/arm/5.4.1/bin/../lib/gcc/arm-none-eabi/5.4.1/../../../../arm-none-eabi/lib/armv6-m\libg_nano.a(lib_a-init.o)
 .debug_frame   0x00001ca0       0x20 c:/program files (x86)/cypress/psoc creator/4.4/psoc creator/import/gnu/arm/5.4.1/bin/../lib/gcc/arm-none-eabi/5.4.1/../../../../arm-none-eabi/lib/armv6-m\libg_nano.a(lib_a-memset.o)
 .debug_frame   0x00001cc0       0x74 c:/program files (x86)/cypress/psoc creator/4.4/psoc creator/import/gnu/arm/5.4.1/bin/../lib/gcc/arm-none-eabi/5.4.1/../../../../arm-none-eabi/lib/armv6-m\libg_nano.a(lib_a-nano-vfprintf_float.o)
 .debug_frame   0x00001d34       0x54 c:/program files (x86)/cypress/psoc creator/4.4/psoc creator/import/gnu/arm/5.4.1/bin/../lib/gcc/arm-none-eabi/5.4.1/../../../../arm-none-eabi/lib/armv6-m\libg_nano.a(lib_a-nano-vfprintf_i.o)
 .debug_frame   0x00001d88       0x50 c:/program files (x86)/cypress/psoc creator/4.4/psoc creator/import/gnu/arm/5.4.1/bin/../lib/gcc/arm-none-eabi/5.4.1/../../../../arm-none-eabi/lib/armv6-m\libg_nano.a(lib_a-sprintf.o)
 .debug_frame   0x00001dd8       0x54 c:/program files (x86)/cypress/psoc creator/4.4/psoc creator/import/gnu/arm/5.4.1/bin/../lib/gcc/arm-none-eabi/5.4.1/../../../../arm-none-eabi/lib/armv6-m\libg_nano.a(lib_a-dtoa.o)
 .debug_frame   0x00001e2c       0xa4 c:/program files (x86)/cypress/psoc creator/4.4/psoc creator/import/gnu/arm/5.4.1/bin/../lib/gcc/arm-none-eabi/5.4.1/../../../../arm-none-eabi/lib/armv6-m\libg_nano.a(lib_a-locale.o)
 .debug_frame   0x00001ed0       0x40 c:/program files (x86)/cypress/psoc creator/4.4/psoc creator/import/gnu/arm/5.4.1/bin/../lib/gcc/arm-none-eabi/5.4.1/../../../../arm-none-eabi/lib/armv6-m\libg_nano.a(lib_a-malloc.o)
 .debug_frame   0x00001f10       0x20 c:/program files (x86)/cypress/psoc creator/4.4/psoc creator/import/gnu/arm/5.4.1/bin/../lib/gcc/arm-none-eabi/5.4.1/../../../../arm-none-eabi/lib/armv6-m\libg_nano.a(lib_a-memchr-stub.o)
 .debug_frame   0x00001f30       0x28 c:/program files (x86)/cypress/psoc creator/4.4/psoc creator/import/gnu/arm/5.4.1/bin/../lib/gcc/arm-none-eabi/5.4.1/../../../../arm-none-eabi/lib/armv6-m\libg_nano.a(lib_a-memcpy-stub.o)
 .debug_frame   0x00001f58      0x238 c:/program files (x86)/cypress/psoc creator/4.4/psoc creator/import/gnu/arm/5.4.1/bin/../lib/gcc/arm-none-eabi/5.4.1/../../../../arm-none-eabi/lib/armv6-m\libg_nano.a(lib_a-mprec.o)
 .debug_frame   0x00002190       0x2c c:/program files (x86)/cypress/psoc creator/4.4/psoc creator/import/gnu/arm/5.4.1/bin/../lib/gcc/arm-none-eabi/5.4.1/../../../../arm-none-eabi/lib/armv6-m\libg_nano.a(lib_a-nano-callocr.o)
 .debug_frame   0x000021bc       0x2c c:/program files (x86)/cypress/psoc creator/4.4/psoc creator/import/gnu/arm/5.4.1/bin/../lib/gcc/arm-none-eabi/5.4.1/../../../../arm-none-eabi/lib/armv6-m\libg_nano.a(lib_a-nano-freer.o)
 .debug_frame   0x000021e8       0x2c c:/program files (x86)/cypress/psoc creator/4.4/psoc creator/import/gnu/arm/5.4.1/bin/../lib/gcc/arm-none-eabi/5.4.1/../../../../arm-none-eabi/lib/armv6-m\libg_nano.a(lib_a-nano-mallocr.o)
 .debug_frame   0x00002214       0x74 c:/program files (x86)/cypress/psoc creator/4.4/psoc creator/import/gnu/arm/5.4.1/bin/../lib/gcc/arm-none-eabi/5.4.1/../../../../arm-none-eabi/lib/armv6-m\libg_nano.a(lib_a-nano-svfprintf.o)
 .debug_frame   0x00002288       0x2c c:/program files (x86)/cypress/psoc creator/4.4/psoc creator/import/gnu/arm/5.4.1/bin/../lib/gcc/arm-none-eabi/5.4.1/../../../../arm-none-eabi/lib/armv6-m\libg_nano.a(lib_a-sbrkr.o)
 .debug_frame   0x000022b4       0x20 c:/program files (x86)/cypress/psoc creator/4.4/psoc creator/import/gnu/arm/5.4.1/bin/../lib/gcc/arm-none-eabi/5.4.1/../../../../arm-none-eabi/lib/armv6-m\libg_nano.a(lib_a-strcmp.o)
 .debug_frame   0x000022d4       0x28 c:/program files (x86)/cypress/psoc creator/4.4/psoc creator/import/gnu/arm/5.4.1/bin/../lib/gcc/arm-none-eabi/5.4.1/../../../../arm-none-eabi/lib/armv6-m\libg_nano.a(lib_a-memmove.o)
 .debug_frame   0x000022fc       0x30 c:/program files (x86)/cypress/psoc creator/4.4/psoc creator/import/gnu/arm/5.4.1/bin/../lib/gcc/arm-none-eabi/5.4.1/../../../../arm-none-eabi/lib/armv6-m\libg_nano.a(lib_a-mlock.o)
 .debug_frame   0x0000232c       0x30 c:/program files (x86)/cypress/psoc creator/4.4/psoc creator/import/gnu/arm/5.4.1/bin/../lib/gcc/arm-none-eabi/5.4.1/../../../../arm-none-eabi/lib/armv6-m\libg_nano.a(lib_a-nano-reallocr.o)
 .debug_frame   0x0000235c       0x48 c:/program files (x86)/cypress/psoc creator/4.4/psoc creator/import/gnu/arm/5.4.1/bin/../lib/gcc/arm-none-eabi/5.4.1/../../../../arm-none-eabi/lib/armv6-m\libg_nano.a(lib_a-reent.o)
 .debug_frame   0x000023a4       0x20 c:/program files (x86)/cypress/psoc creator/4.4/psoc creator/import/gnu/arm/5.4.1/bin/../lib/gcc/arm-none-eabi/5.4.1/../../../../arm-none-eabi/lib/armv6-m\libg_nano.a(lib_a-nano-msizer.o)
 .debug_frame   0x000023c4       0x3c c:/program files (x86)/cypress/psoc creator/4.4/psoc creator/import/gnu/arm/5.4.1/bin/../lib/gcc/arm-none-eabi/5.4.1/armv6-m\libgcc.a(adddf3.o)
 .debug_frame   0x00002400       0x3c c:/program files (x86)/cypress/psoc creator/4.4/psoc creator/import/gnu/arm/5.4.1/bin/../lib/gcc/arm-none-eabi/5.4.1/armv6-m\libgcc.a(divdf3.o)
 .debug_frame   0x0000243c       0x38 c:/program files (x86)/cypress/psoc creator/4.4/psoc creator/import/gnu/arm/5.4.1/bin/../lib/gcc/arm-none-eabi/5.4.1/armv6-m\libgcc.a(eqdf2.o)
 .debug_frame   0x00002474       0x38 c:/program files (x86)/cypress/psoc creator/4.4/psoc creator/import/gnu/arm/5.4.1/bin/../lib/gcc/arm-none-eabi/5.4.1/armv6-m\libgcc.a(gedf2.o)
 .debug_frame   0x000024ac       0x38 c:/program files (x86)/cypress/psoc creator/4.4/psoc creator/import/gnu/arm/5.4.1/bin/../lib/gcc/arm-none-eabi/5.4.1/armv6-m\libgcc.a(ledf2.o)
 .debug_frame   0x000024e4       0x3c c:/program files (x86)/cypress/psoc creator/4.4/psoc creator/import/gnu/arm/5.4.1/bin/../lib/gcc/arm-none-eabi/5.4.1/armv6-m\libgcc.a(muldf3.o)
 .debug_frame   0x00002520       0x38 c:/program files (x86)/cypress/psoc creator/4.4/psoc creator/import/gnu/arm/5.4.1/bin/../lib/gcc/arm-none-eabi/5.4.1/armv6-m\libgcc.a(subdf3.o)
 .debug_frame   0x00002558       0x2c c:/program files (x86)/cypress/psoc creator/4.4/psoc creator/import/gnu/arm/5.4.1/bin/../lib/gcc/arm-none-eabi/5.4.1/armv6-m\libgcc.a(unorddf2.o)
 .debug_frame   0x00002584       0x2c c:/program files (x86)/cypress/psoc creator/4.4/psoc creator/import/gnu/arm/5.4.1/bin/../lib/gcc/arm-none-eabi/5.4.1/armv6-m\libgcc.a(fixdfsi.o)
 .debug_frame   0x000025b0       0x2c c:/program files (x86)/cypress/psoc creator/4.4/psoc creator/import/gnu/arm/5.4.1/bin/../lib/gcc/arm-none-eabi/5.4.1/armv6-m\libgcc.a(floatsidf.o)
 .debug_frame   0x000025dc       0x2c c:/program files (x86)/cypress/psoc creator/4.4/psoc creator/import/gnu/arm/5.4.1/bin/../lib/gcc/arm-none-eabi/5.4.1/armv6-m\libgcc.a(floatunsidf.o)

.debug_str      0x00000000     0x2f58
 *(.debug_str)
 .debug_str     0x00000000      0x294 .\CortexM0\ARM_GCC_541\Debug\main.o
                                0x2de (size before relaxing)
 .debug_str     0x00000294      0x1a3 .\CortexM0\ARM_GCC_541\Debug\cyfitter_cfg.o
                                0x353 (size before relaxing)
 .debug_str     0x00000437       0x63 .\CortexM0\ARM_GCC_541\Debug\cymetadata.o
                                0x1cc (size before relaxing)
 .debug_str     0x0000049a      0x13a .\CortexM0\ARM_GCC_541\Debug\Cm0Start.o
                                0x305 (size before relaxing)
 .debug_str     0x000005d4      0x5d7 .\CortexM0\ARM_GCC_541\Debug\VoiceRepeater.a(CyLib.o)
                                0x7fc (size before relaxing)
 .debug_str     0x00000bab      0x6e3 .\CortexM0\ARM_GCC_541\Debug\VoiceRepeater.a(CyLFClk.o)
                                0x93c (size before relaxing)
 .debug_str     0x0000128e      0x176 .\CortexM0\ARM_GCC_541\Debug\VoiceRepeater.a(ADC.o)
                                0x3c8 (size before relaxing)
 .debug_str     0x00001404       0x35 .\CortexM0\ARM_GCC_541\Debug\VoiceRepeater.a(ADC_INT.o)
                                0x1c1 (size before relaxing)
 .debug_str     0x00001439       0xf7 .\CortexM0\ARM_GCC_541\Debug\VoiceRepeater.a(UART.o)
                                0x29b (size before relaxing)
 .debug_str     0x00001530      0x1d2 .\CortexM0\ARM_GCC_541\Debug\VoiceRepeater.a(UART_UART.o)
                                0x3cc (size before relaxing)
 .debug_str     0x00001702      0x862 .\CortexM0\ARM_GCC_541\Debug\VoiceRepeater.a(CapSense.o)
                                0xae9 (size before relaxing)
 .debug_str     0x00001f64      0x7e5 .\CortexM0\ARM_GCC_541\Debug\VoiceRepeater.a(CapSense_CSHL.o)
                                0xbf5 (size before relaxing)
 .debug_str     0x00002749       0x48 .\CortexM0\ARM_GCC_541\Debug\VoiceRepeater.a(CapSense_INT.o)
                                0x293 (size before relaxing)
 .debug_str     0x00002791      0x25a .\CortexM0\ARM_GCC_541\Debug\VoiceRepeater.a(CapSense_SMS.o)
                                0x7e9 (size before relaxing)
 .debug_str     0x000029eb       0xb6 .\CortexM0\ARM_GCC_541\Debug\VoiceRepeater.a(CapSense_SampleClk.o)
                                0x29d (size before relaxing)
 .debug_str     0x00002aa1       0x7f .\CortexM0\ARM_GCC_541\Debug\VoiceRepeater.a(CapSense_SenseClk.o)
                                0x297 (size before relaxing)
 .debug_str     0x00002b20       0x96 .\CortexM0\ARM_GCC_541\Debug\VoiceRepeater.a(Green.o)
                                0x23a (size before relaxing)
 .debug_str     0x00002bb6       0x6f .\CortexM0\ARM_GCC_541\Debug\VoiceRepeater.a(Red.o)
                                0x22c (size before relaxing)
 .debug_str     0x00002c25       0xe3 .\CortexM0\ARM_GCC_541\Debug\VoiceRepeater.a(UART_SPI_UART.o)
                                0x2d2 (size before relaxing)
 .debug_str     0x00002d08      0x250 C:\Program Files (x86)\Cypress\PSoC Creator\4.4\PSoC Creator\psoc\content\CyComponentLibrary\CyComponentLibrary.cylib\CapSense_CSD_P4_v2_60\PSoC4\Library\CapsenseP4Library_GCC.a(CSD_P4_SmartSense_v2_60.o)
                                0x59d (size before relaxing)

.debug_loc      0x00000000     0x3fe8
 *(.debug_loc)
 .debug_loc     0x00000000       0x65 .\CortexM0\ARM_GCC_541\Debug\main.o
 .debug_loc     0x00000065      0x136 .\CortexM0\ARM_GCC_541\Debug\cyfitter_cfg.o
 .debug_loc     0x0000019b      0x14f .\CortexM0\ARM_GCC_541\Debug\Cm0Start.o
 .debug_loc     0x000002ea      0x818 .\CortexM0\ARM_GCC_541\Debug\VoiceRepeater.a(CyLib.o)
 .debug_loc     0x00000b02      0xdaa .\CortexM0\ARM_GCC_541\Debug\VoiceRepeater.a(CyLFClk.o)
 .debug_loc     0x000018ac      0x3aa .\CortexM0\ARM_GCC_541\Debug\VoiceRepeater.a(ADC.o)
 .debug_loc     0x00001c56       0x7e .\CortexM0\ARM_GCC_541\Debug\VoiceRepeater.a(UART.o)
 .debug_loc     0x00001cd4      0x223 .\CortexM0\ARM_GCC_541\Debug\VoiceRepeater.a(UART_UART.o)
 .debug_loc     0x00001ef7      0xb9d .\CortexM0\ARM_GCC_541\Debug\VoiceRepeater.a(CapSense.o)
 .debug_loc     0x00002a94      0x9f1 .\CortexM0\ARM_GCC_541\Debug\VoiceRepeater.a(CapSense_CSHL.o)
 .debug_loc     0x00003485      0x20f .\CortexM0\ARM_GCC_541\Debug\VoiceRepeater.a(CapSense_SMS.o)
 .debug_loc     0x00003694       0x76 .\CortexM0\ARM_GCC_541\Debug\VoiceRepeater.a(CapSense_SampleClk.o)
 .debug_loc     0x0000370a       0x76 .\CortexM0\ARM_GCC_541\Debug\VoiceRepeater.a(CapSense_SenseClk.o)
 .debug_loc     0x00003780       0xa2 .\CortexM0\ARM_GCC_541\Debug\VoiceRepeater.a(Green.o)
 .debug_loc     0x00003822       0xa2 .\CortexM0\ARM_GCC_541\Debug\VoiceRepeater.a(Red.o)
 .debug_loc     0x000038c4       0x96 .\CortexM0\ARM_GCC_541\Debug\VoiceRepeater.a(UART_SPI_UART.o)
 .debug_loc     0x0000395a      0x68e C:\Program Files (x86)\Cypress\PSoC Creator\4.4\PSoC Creator\psoc\content\CyComponentLibrary\CyComponentLibrary.cylib\CapSense_CSD_P4_v2_60\PSoC4\Library\CapsenseP4Library_GCC.a(CSD_P4_SmartSense_v2_60.o)

.debug_macinfo
 *(.debug_macinfo)

.debug_ranges   0x00000000      0x960
 *(.debug_ranges)
 .debug_ranges  0x00000000       0x10 .\CortexM0\ARM_GCC_541\Debug\main.o
 .debug_ranges  0x00000010       0x38 .\CortexM0\ARM_GCC_541\Debug\cyfitter_cfg.o
 .debug_ranges  0x00000048       0x38 .\CortexM0\ARM_GCC_541\Debug\Cm0Start.o
 .debug_ranges  0x00000080      0x1c0 .\CortexM0\ARM_GCC_541\Debug\VoiceRepeater.a(CyLib.o)
 .debug_ranges  0x00000240      0x178 .\CortexM0\ARM_GCC_541\Debug\VoiceRepeater.a(CyLFClk.o)
 .debug_ranges  0x000003b8       0x98 .\CortexM0\ARM_GCC_541\Debug\VoiceRepeater.a(ADC.o)
 .debug_ranges  0x00000450       0x10 .\CortexM0\ARM_GCC_541\Debug\VoiceRepeater.a(ADC_INT.o)
 .debug_ranges  0x00000460       0x48 .\CortexM0\ARM_GCC_541\Debug\VoiceRepeater.a(UART.o)
 .debug_ranges  0x000004a8       0x80 .\CortexM0\ARM_GCC_541\Debug\VoiceRepeater.a(UART_UART.o)
 .debug_ranges  0x00000528      0x148 .\CortexM0\ARM_GCC_541\Debug\VoiceRepeater.a(CapSense.o)
 .debug_ranges  0x00000670      0x138 .\CortexM0\ARM_GCC_541\Debug\VoiceRepeater.a(CapSense_CSHL.o)
 .debug_ranges  0x000007a8       0x10 .\CortexM0\ARM_GCC_541\Debug\VoiceRepeater.a(CapSense_INT.o)
 .debug_ranges  0x000007b8       0x50 .\CortexM0\ARM_GCC_541\Debug\VoiceRepeater.a(CapSense_SMS.o)
 .debug_ranges  0x00000808       0x30 .\CortexM0\ARM_GCC_541\Debug\VoiceRepeater.a(CapSense_SampleClk.o)
 .debug_ranges  0x00000838       0x30 .\CortexM0\ARM_GCC_541\Debug\VoiceRepeater.a(CapSense_SenseClk.o)
 .debug_ranges  0x00000868       0x38 .\CortexM0\ARM_GCC_541\Debug\VoiceRepeater.a(Green.o)
 .debug_ranges  0x000008a0       0x38 .\CortexM0\ARM_GCC_541\Debug\VoiceRepeater.a(Red.o)
 .debug_ranges  0x000008d8       0x50 .\CortexM0\ARM_GCC_541\Debug\VoiceRepeater.a(UART_SPI_UART.o)
 .debug_ranges  0x00000928       0x38 C:\Program Files (x86)\Cypress\PSoC Creator\4.4\PSoC Creator\psoc\content\CyComponentLibrary\CyComponentLibrary.cylib\CapSense_CSD_P4_v2_60\PSoC4\Library\CapsenseP4Library_GCC.a(CSD_P4_SmartSense_v2_60.o)

.comment        0x00000000       0xde
 .comment       0x00000000       0x6e .\CortexM0\ARM_GCC_541\Debug\main.o
                                 0x6f (size before relaxing)
 .comment       0x0000006e       0x6f .\CortexM0\ARM_GCC_541\Debug\cyfitter_cfg.o
 .comment       0x0000006e       0x6f .\CortexM0\ARM_GCC_541\Debug\cymetadata.o
 .comment       0x0000006e       0x6f .\CortexM0\ARM_GCC_541\Debug\Cm0Start.o
 .comment       0x0000006e       0x6f .\CortexM0\ARM_GCC_541\Debug\VoiceRepeater.a(CyLib.o)
 .comment       0x0000006e       0x6f .\CortexM0\ARM_GCC_541\Debug\VoiceRepeater.a(CyLFClk.o)
 .comment       0x0000006e       0x6f .\CortexM0\ARM_GCC_541\Debug\VoiceRepeater.a(ADC.o)
 .comment       0x0000006e       0x6f .\CortexM0\ARM_GCC_541\Debug\VoiceRepeater.a(ADC_INT.o)
 .comment       0x0000006e       0x6f .\CortexM0\ARM_GCC_541\Debug\VoiceRepeater.a(UART.o)
 .comment       0x0000006e       0x6f .\CortexM0\ARM_GCC_541\Debug\VoiceRepeater.a(UART_UART.o)
 .comment       0x0000006e       0x6f .\CortexM0\ARM_GCC_541\Debug\VoiceRepeater.a(CapSense.o)
 .comment       0x0000006e       0x6f .\CortexM0\ARM_GCC_541\Debug\VoiceRepeater.a(CapSense_CSHL.o)
 .comment       0x0000006e       0x6f .\CortexM0\ARM_GCC_541\Debug\VoiceRepeater.a(CapSense_INT.o)
 .comment       0x0000006e       0x6f .\CortexM0\ARM_GCC_541\Debug\VoiceRepeater.a(CapSense_SMS.o)
 .comment       0x0000006e       0x6f .\CortexM0\ARM_GCC_541\Debug\VoiceRepeater.a(CapSense_SampleClk.o)
 .comment       0x0000006e       0x6f .\CortexM0\ARM_GCC_541\Debug\VoiceRepeater.a(CapSense_SenseClk.o)
 .comment       0x0000006e       0x6f .\CortexM0\ARM_GCC_541\Debug\VoiceRepeater.a(Green.o)
 .comment       0x0000006e       0x6f .\CortexM0\ARM_GCC_541\Debug\VoiceRepeater.a(Red.o)
 .comment       0x0000006e       0x6f .\CortexM0\ARM_GCC_541\Debug\VoiceRepeater.a(UART_SPI_UART.o)
 .comment       0x0000006e       0x70 C:\Program Files (x86)\Cypress\PSoC Creator\4.4\PSoC Creator\psoc\content\CyComponentLibrary\CyComponentLibrary.cylib\CapSense_CSD_P4_v2_60\PSoC4\Library\CapsenseP4Library_GCC.a(CSD_P4_SmartSense_v2_60.o)
                                 0x71 (size before relaxing)

.debug_weaknames
 *(.debug_weaknames)

.debug_funcnames
 *(.debug_funcnames)

.debug_typenames
 *(.debug_typenames)

.debug_varnames
 *(.debug_varnames)

.note.gnu.arm.ident
 *(.note.gnu.arm.ident)

.ARM.attributes
                0x00000000       0x28
 *(.ARM.attributes)
 .ARM.attributes
                0x00000000       0x1e c:/program files (x86)/cypress/psoc creator/4.4/psoc creator/import/gnu/arm/5.4.1/bin/../lib/gcc/arm-none-eabi/5.4.1/armv6-m/crti.o
 .ARM.attributes
                0x0000001e       0x2c c:/program files (x86)/cypress/psoc creator/4.4/psoc creator/import/gnu/arm/5.4.1/bin/../lib/gcc/arm-none-eabi/5.4.1/armv6-m/crtbegin.o
 .ARM.attributes
                0x0000004a       0x1b c:/program files (x86)/cypress/psoc creator/4.4/psoc creator/import/gnu/arm/5.4.1/bin/../lib/gcc/arm-none-eabi/5.4.1/../../../../arm-none-eabi/lib/armv6-m/crt0.o
 .ARM.attributes
                0x00000065       0x31 .\CortexM0\ARM_GCC_541\Debug\main.o
 .ARM.attributes
                0x00000096       0x31 .\CortexM0\ARM_GCC_541\Debug\cyfitter_cfg.o
 .ARM.attributes
                0x000000c7       0x31 .\CortexM0\ARM_GCC_541\Debug\cymetadata.o
 .ARM.attributes
                0x000000f8       0x31 .\CortexM0\ARM_GCC_541\Debug\Cm0Start.o
 .ARM.attributes
                0x00000129       0x31 .\CortexM0\ARM_GCC_541\Debug\VoiceRepeater.a(CyLib.o)
 .ARM.attributes
                0x0000015a       0x31 .\CortexM0\ARM_GCC_541\Debug\VoiceRepeater.a(CyLFClk.o)
 .ARM.attributes
                0x0000018b       0x31 .\CortexM0\ARM_GCC_541\Debug\VoiceRepeater.a(ADC.o)
 .ARM.attributes
                0x000001bc       0x31 .\CortexM0\ARM_GCC_541\Debug\VoiceRepeater.a(ADC_INT.o)
 .ARM.attributes
                0x000001ed       0x31 .\CortexM0\ARM_GCC_541\Debug\VoiceRepeater.a(UART.o)
 .ARM.attributes
                0x0000021e       0x31 .\CortexM0\ARM_GCC_541\Debug\VoiceRepeater.a(UART_UART.o)
 .ARM.attributes
                0x0000024f       0x31 .\CortexM0\ARM_GCC_541\Debug\VoiceRepeater.a(CapSense.o)
 .ARM.attributes
                0x00000280       0x31 .\CortexM0\ARM_GCC_541\Debug\VoiceRepeater.a(CapSense_CSHL.o)
 .ARM.attributes
                0x000002b1       0x31 .\CortexM0\ARM_GCC_541\Debug\VoiceRepeater.a(CapSense_INT.o)
 .ARM.attributes
                0x000002e2       0x31 .\CortexM0\ARM_GCC_541\Debug\VoiceRepeater.a(CapSense_SMS.o)
 .ARM.attributes
                0x00000313       0x31 .\CortexM0\ARM_GCC_541\Debug\VoiceRepeater.a(CapSense_SampleClk.o)
 .ARM.attributes
                0x00000344       0x31 .\CortexM0\ARM_GCC_541\Debug\VoiceRepeater.a(CapSense_SenseClk.o)
 .ARM.attributes
                0x00000375       0x31 .\CortexM0\ARM_GCC_541\Debug\VoiceRepeater.a(Green.o)
 .ARM.attributes
                0x000003a6       0x31 .\CortexM0\ARM_GCC_541\Debug\VoiceRepeater.a(Red.o)
 .ARM.attributes
                0x000003d7       0x21 .\CortexM0\ARM_GCC_541\Debug\VoiceRepeater.a(CyBootAsmGnu.o)
 .ARM.attributes
                0x000003f8       0x31 .\CortexM0\ARM_GCC_541\Debug\VoiceRepeater.a(UART_SPI_UART.o)
 .ARM.attributes
                0x00000429       0x31 C:\Program Files (x86)\Cypress\PSoC Creator\4.4\PSoC Creator\psoc\content\CyComponentLibrary\CyComponentLibrary.cylib\CapSense_CSD_P4_v2_60\PSoC4\Library\CapsenseP4Library_GCC.a(CSD_P4_SmartSense_v2_60.o)
 .ARM.attributes
                0x0000045a       0x1e c:/program files (x86)/cypress/psoc creator/4.4/psoc creator/import/gnu/arm/5.4.1/bin/../lib/gcc/arm-none-eabi/5.4.1/armv6-m\libgcc.a(_udivsi3.o)
 .ARM.attributes
                0x00000478       0x1e c:/program files (x86)/cypress/psoc creator/4.4/psoc creator/import/gnu/arm/5.4.1/bin/../lib/gcc/arm-none-eabi/5.4.1/armv6-m\libgcc.a(_divsi3.o)
 .ARM.attributes
                0x00000496       0x1e c:/program files (x86)/cypress/psoc creator/4.4/psoc creator/import/gnu/arm/5.4.1/bin/../lib/gcc/arm-none-eabi/5.4.1/armv6-m\libgcc.a(_dvmd_tls.o)
 .ARM.attributes
                0x000004b4       0x1e c:/program files (x86)/cypress/psoc creator/4.4/psoc creator/import/gnu/arm/5.4.1/bin/../lib/gcc/arm-none-eabi/5.4.1/armv6-m\libgcc.a(_aeabi_ldivmod.o)
 .ARM.attributes
                0x000004d2       0x2c c:/program files (x86)/cypress/psoc creator/4.4/psoc creator/import/gnu/arm/5.4.1/bin/../lib/gcc/arm-none-eabi/5.4.1/armv6-m\libgcc.a(_muldi3.o)
 .ARM.attributes
                0x000004fe       0x2c c:/program files (x86)/cypress/psoc creator/4.4/psoc creator/import/gnu/arm/5.4.1/bin/../lib/gcc/arm-none-eabi/5.4.1/armv6-m\libgcc.a(bpabi.o)
 .ARM.attributes
                0x0000052a       0x2c c:/program files (x86)/cypress/psoc creator/4.4/psoc creator/import/gnu/arm/5.4.1/bin/../lib/gcc/arm-none-eabi/5.4.1/armv6-m\libgcc.a(divsf3.o)
 .ARM.attributes
                0x00000556       0x2c c:/program files (x86)/cypress/psoc creator/4.4/psoc creator/import/gnu/arm/5.4.1/bin/../lib/gcc/arm-none-eabi/5.4.1/armv6-m\libgcc.a(mulsf3.o)
 .ARM.attributes
                0x00000582       0x2c c:/program files (x86)/cypress/psoc creator/4.4/psoc creator/import/gnu/arm/5.4.1/bin/../lib/gcc/arm-none-eabi/5.4.1/armv6-m\libgcc.a(floatsisf.o)
 .ARM.attributes
                0x000005ae       0x2c c:/program files (x86)/cypress/psoc creator/4.4/psoc creator/import/gnu/arm/5.4.1/bin/../lib/gcc/arm-none-eabi/5.4.1/armv6-m\libgcc.a(extendsfdf2.o)
 .ARM.attributes
                0x000005da       0x1e c:/program files (x86)/cypress/psoc creator/4.4/psoc creator/import/gnu/arm/5.4.1/bin/../lib/gcc/arm-none-eabi/5.4.1/armv6-m\libgcc.a(_clzsi2.o)
 .ARM.attributes
                0x000005f8       0x2c c:/program files (x86)/cypress/psoc creator/4.4/psoc creator/import/gnu/arm/5.4.1/bin/../lib/gcc/arm-none-eabi/5.4.1/armv6-m\libgcc.a(_divdi3.o)
 .ARM.attributes
                0x00000624       0x1e c:/program files (x86)/cypress/psoc creator/4.4/psoc creator/import/gnu/arm/5.4.1/bin/../lib/gcc/arm-none-eabi/5.4.1/armv6-m\libgcc.a(_clzdi2.o)
 .ARM.attributes